Archive member included to satisfy reference by file (symbol)

c:/program files (x86)/atollic/truestudio for stm32 9.3.0/armtools/bin/../lib/gcc/arm-atollic-eabi/6.3.1/../../../../arm-atollic-eabi/lib/armv7-m\libc.a(lib_a-init.o)
                              src\startup_stm32f10x_md.o (__libc_init_array)
c:/program files (x86)/atollic/truestudio for stm32 9.3.0/armtools/bin/../lib/gcc/arm-atollic-eabi/6.3.1/../../../../arm-atollic-eabi/lib/armv7-m\libc.a(lib_a-sprintf.o)
                              src\main.o (sprintf)
c:/program files (x86)/atollic/truestudio for stm32 9.3.0/armtools/bin/../lib/gcc/arm-atollic-eabi/6.3.1/../../../../arm-atollic-eabi/lib/armv7-m\libc.a(lib_a-svfprintf.o)
                              c:/program files (x86)/atollic/truestudio for stm32 9.3.0/armtools/bin/../lib/gcc/arm-atollic-eabi/6.3.1/../../../../arm-atollic-eabi/lib/armv7-m\libc.a(lib_a-sprintf.o) (_svfprintf_r)
c:/program files (x86)/atollic/truestudio for stm32 9.3.0/armtools/bin/../lib/gcc/arm-atollic-eabi/6.3.1/../../../../arm-atollic-eabi/lib/armv7-m\libc.a(lib_a-dtoa.o)
                              c:/program files (x86)/atollic/truestudio for stm32 9.3.0/armtools/bin/../lib/gcc/arm-atollic-eabi/6.3.1/../../../../arm-atollic-eabi/lib/armv7-m\libc.a(lib_a-svfprintf.o) (_dtoa_r)
c:/program files (x86)/atollic/truestudio for stm32 9.3.0/armtools/bin/../lib/gcc/arm-atollic-eabi/6.3.1/../../../../arm-atollic-eabi/lib/armv7-m\libc.a(lib_a-impure.o)
                              c:/program files (x86)/atollic/truestudio for stm32 9.3.0/armtools/bin/../lib/gcc/arm-atollic-eabi/6.3.1/../../../../arm-atollic-eabi/lib/armv7-m\libc.a(lib_a-sprintf.o) (_impure_ptr)
c:/program files (x86)/atollic/truestudio for stm32 9.3.0/armtools/bin/../lib/gcc/arm-atollic-eabi/6.3.1/../../../../arm-atollic-eabi/lib/armv7-m\libc.a(lib_a-localeconv.o)
                              c:/program files (x86)/atollic/truestudio for stm32 9.3.0/armtools/bin/../lib/gcc/arm-atollic-eabi/6.3.1/../../../../arm-atollic-eabi/lib/armv7-m\libc.a(lib_a-svfprintf.o) (_localeconv_r)
c:/program files (x86)/atollic/truestudio for stm32 9.3.0/armtools/bin/../lib/gcc/arm-atollic-eabi/6.3.1/../../../../arm-atollic-eabi/lib/armv7-m\libc.a(lib_a-malloc.o)
                              c:/program files (x86)/atollic/truestudio for stm32 9.3.0/armtools/bin/../lib/gcc/arm-atollic-eabi/6.3.1/../../../../arm-atollic-eabi/lib/armv7-m\libc.a(lib_a-dtoa.o) (malloc)
c:/program files (x86)/atollic/truestudio for stm32 9.3.0/armtools/bin/../lib/gcc/arm-atollic-eabi/6.3.1/../../../../arm-atollic-eabi/lib/armv7-m\libc.a(lib_a-mallocr.o)
                              c:/program files (x86)/atollic/truestudio for stm32 9.3.0/armtools/bin/../lib/gcc/arm-atollic-eabi/6.3.1/../../../../arm-atollic-eabi/lib/armv7-m\libc.a(lib_a-svfprintf.o) (_malloc_r)
c:/program files (x86)/atollic/truestudio for stm32 9.3.0/armtools/bin/../lib/gcc/arm-atollic-eabi/6.3.1/../../../../arm-atollic-eabi/lib/armv7-m\libc.a(lib_a-memchr-stub.o)
                              c:/program files (x86)/atollic/truestudio for stm32 9.3.0/armtools/bin/../lib/gcc/arm-atollic-eabi/6.3.1/../../../../arm-atollic-eabi/lib/armv7-m\libc.a(lib_a-svfprintf.o) (memchr)
c:/program files (x86)/atollic/truestudio for stm32 9.3.0/armtools/bin/../lib/gcc/arm-atollic-eabi/6.3.1/../../../../arm-atollic-eabi/lib/armv7-m\libc.a(lib_a-memcpy-stub.o)
                              c:/program files (x86)/atollic/truestudio for stm32 9.3.0/armtools/bin/../lib/gcc/arm-atollic-eabi/6.3.1/../../../../arm-atollic-eabi/lib/armv7-m\libc.a(lib_a-dtoa.o) (memcpy)
c:/program files (x86)/atollic/truestudio for stm32 9.3.0/armtools/bin/../lib/gcc/arm-atollic-eabi/6.3.1/../../../../arm-atollic-eabi/lib/armv7-m\libc.a(lib_a-mlock.o)
                              c:/program files (x86)/atollic/truestudio for stm32 9.3.0/armtools/bin/../lib/gcc/arm-atollic-eabi/6.3.1/../../../../arm-atollic-eabi/lib/armv7-m\libc.a(lib_a-mallocr.o) (__malloc_lock)
c:/program files (x86)/atollic/truestudio for stm32 9.3.0/armtools/bin/../lib/gcc/arm-atollic-eabi/6.3.1/../../../../arm-atollic-eabi/lib/armv7-m\libc.a(lib_a-mprec.o)
                              c:/program files (x86)/atollic/truestudio for stm32 9.3.0/armtools/bin/../lib/gcc/arm-atollic-eabi/6.3.1/../../../../arm-atollic-eabi/lib/armv7-m\libc.a(lib_a-dtoa.o) (_Balloc)
c:/program files (x86)/atollic/truestudio for stm32 9.3.0/armtools/bin/../lib/gcc/arm-atollic-eabi/6.3.1/../../../../arm-atollic-eabi/lib/armv7-m\libc.a(lib_a-sbrkr.o)
                              c:/program files (x86)/atollic/truestudio for stm32 9.3.0/armtools/bin/../lib/gcc/arm-atollic-eabi/6.3.1/../../../../arm-atollic-eabi/lib/armv7-m\libc.a(lib_a-mallocr.o) (_sbrk_r)
c:/program files (x86)/atollic/truestudio for stm32 9.3.0/armtools/bin/../lib/gcc/arm-atollic-eabi/6.3.1/../../../../arm-atollic-eabi/lib/armv7-m\libc.a(lib_a-strlen.o)
[...]
Memory Configuration

Name             Origin             Length             Attributes
FLASH            0x08000000         0x00010000         xr
RAM              0x20000000         0x00005000         xrw
MEMORY_B1        0x60000000         0x00000000         xr
*default*        0x00000000         0xffffffff

Linker script and memory map

LOAD c:/program files (x86)/atollic/truestudio for stm32 9.3.0/armtools/bin/../lib/gcc/arm-atollic-eabi/6.3.1/armv7-m/crti.o
LOAD c:/program files (x86)/atollic/truestudio for stm32 9.3.0/armtools/bin/../lib/gcc/arm-atollic-eabi/6.3.1/armv7-m/crtbegin.o
LOAD Libraries\STM32F10x_StdPeriph_Driver\src\misc.o
LOAD Libraries\STM32F10x_StdPeriph_Driver\src\stm32f10x_adc.o
LOAD Libraries\STM32F10x_StdPeriph_Driver\src\stm32f10x_bkp.o
LOAD Libraries\STM32F10x_StdPeriph_Driver\src\stm32f10x_can.o
LOAD Libraries\STM32F10x_StdPeriph_Driver\src\stm32f10x_cec.o
LOAD Libraries\STM32F10x_StdPeriph_Driver\src\stm32f10x_crc.o
LOAD Libraries\STM32F10x_StdPeriph_Driver\src\stm32f10x_dac.o
LOAD Libraries\STM32F10x_StdPeriph_Driver\src\stm32f10x_dbgmcu.o
LOAD Libraries\STM32F10x_StdPeriph_Driver\src\stm32f10x_dma.o
LOAD Libraries\STM32F10x_StdPeriph_Driver\src\stm32f10x_exti.o
LOAD Libraries\STM32F10x_StdPeriph_Driver\src\stm32f10x_flash.o
LOAD Libraries\STM32F10x_StdPeriph_Driver\src\stm32f10x_fsmc.o
LOAD Libraries\STM32F10x_StdPeriph_Driver\src\stm32f10x_gpio.o
LOAD Libraries\STM32F10x_StdPeriph_Driver\src\stm32f10x_i2c.o
LOAD Libraries\STM32F10x_StdPeriph_Driver\src\stm32f10x_iwdg.o
LOAD Libraries\STM32F10x_StdPeriph_Driver\src\stm32f10x_pwr.o
LOAD Libraries\STM32F10x_StdPeriph_Driver\src\stm32f10x_rcc.o
LOAD Libraries\STM32F10x_StdPeriph_Driver\src\stm32f10x_rtc.o
LOAD Libraries\STM32F10x_StdPeriph_Driver\src\stm32f10x_sdio.o
LOAD Libraries\STM32F10x_StdPeriph_Driver\src\stm32f10x_spi.o
LOAD Libraries\STM32F10x_StdPeriph_Driver\src\stm32f10x_tim.o
LOAD Libraries\STM32F10x_StdPeriph_Driver\src\stm32f10x_usart.o
LOAD Libraries\STM32F10x_StdPeriph_Driver\src\stm32f10x_wwdg.o
LOAD src\conf_gpio.o
LOAD src\main.o
LOAD src\startup_stm32f10x_md.o
LOAD src\stm32f1xx_it.o
LOAD src\system_stm32f10x.o
                0x00000080                malloc_getpagesize_P = 0x80
START GROUP
LOAD c:/program files (x86)/atollic/truestudio for stm32 9.3.0/armtools/bin/../lib/gcc/arm-atollic-eabi/6.3.1/../../../../arm-atollic-eabi/lib/armv7-m\libc.a
LOAD c:/program files (x86)/atollic/truestudio for stm32 9.3.0/armtools/bin/../lib/gcc/arm-atollic-eabi/6.3.1/../../../../arm-atollic-eabi/lib/armv7-m\libm.a
END GROUP
START GROUP
LOAD c:/program files (x86)/atollic/truestudio for stm32 9.3.0/armtools/bin/../lib/gcc/arm-atollic-eabi/6.3.1/armv7-m\libgcc.a
LOAD c:/program files (x86)/atollic/truestudio for stm32 9.3.0/armtools/bin/../lib/gcc/arm-atollic-eabi/6.3.1/../../../../arm-atollic-eabi/lib/armv7-m\libc.a
END GROUP
START GROUP
LOAD c:/program files (x86)/atollic/truestudio for stm32 9.3.0/armtools/bin/../lib/gcc/arm-atollic-eabi/6.3.1/armv7-m\libgcc.a
LOAD c:/program files (x86)/atollic/truestudio for stm32 9.3.0/armtools/bin/../lib/gcc/arm-atollic-eabi/6.3.1/../../../../arm-atollic-eabi/lib/armv7-m\libc.a
LOAD c:/program files (x86)/atollic/truestudio for stm32 9.3.0/armtools/bin/../lib/gcc/arm-atollic-eabi/6.3.1/../../../../arm-atollic-eabi/lib/armv7-m\libnosys.a
END GROUP
LOAD c:/program files (x86)/atollic/truestudio for stm32 9.3.0/armtools/bin/../lib/gcc/arm-atollic-eabi/6.3.1/armv7-m/crtend.o
LOAD c:/program files (x86)/atollic/truestudio for stm32 9.3.0/armtools/bin/../lib/gcc/arm-atollic-eabi/6.3.1/armv7-m/crtn.o
                0x20005000                _estack = 0x20005000
                0x00000000                _Min_Heap_Size = 0x0
                0x00000100                _Min_Stack_Size = 0x100

.isr_vector     0x08000000      0x10c
                0x08000000                . = ALIGN (0x4)
 *(.isr_vector)
 .isr_vector    0x08000000      0x10c src\startup_stm32f10x_md.o
                0x08000000                g_pfnVectors
                0x0800010c                . = ALIGN (0x4)

.text           0x08000110     0x4818
                0x08000110                . = ALIGN (0x4)
 *(.text)
 .text          0x08000110       0x40 c:/program files (x86)/atollic/truestudio for stm32 9.3.0/armtools/bin/../lib/gcc/arm-atollic-eabi/6.3.1/armv7-m/crtbegin.o
 .text          0x08000150       0x10 c:/program files (x86)/atollic/truestudio for stm32 9.3.0/armtools/bin/../lib/gcc/arm-atollic-eabi/6.3.1/../../../../arm-atollic-eabi/lib/armv7-m\libc.a(lib_a-strlen.o)
                0x08000150                strlen
 .text          0x08000160      0x370 c:/program files (x86)/atollic/truestudio for stm32 9.3.0/armtools/bin/../lib/gcc/arm-atollic-eabi/6.3.1/armv7-m\libgcc.a(_arm_addsubdf3.o)
                0x08000160                __aeabi_drsub
                0x08000168                __aeabi_dsub
                0x08000168                __subdf3
                0x0800016c                __aeabi_dadd
                0x0800016c                __adddf3
                0x080003e4                __floatunsidf
                0x080003e4                __aeabi_ui2d
                0x08000404                __floatsidf
                0x08000404                __aeabi_i2d
                0x08000428                __aeabi_f2d
                0x08000428                __extendsfdf2
                0x08000464                __floatundidf
                0x08000464                __aeabi_ul2d
                0x08000474                __floatdidf
                0x08000474                __aeabi_l2d
 .text          0x080004d0      0x424 c:/program files (x86)/atollic/truestudio for stm32 9.3.0/armtools/bin/../lib/gcc/arm-atollic-eabi/6.3.1/armv7-m\libgcc.a(_arm_muldivdf3.o)
                0x080004d0                __aeabi_dmul
                0x080004d0                __muldf3
                0x08000724                __divdf3
                0x08000724                __aeabi_ddiv
 .text          0x080008f4      0x110 c:/program files (x86)/atollic/truestudio for stm32 9.3.0/armtools/bin/../lib/gcc/arm-atollic-eabi/6.3.1/armv7-m\libgcc.a(_arm_cmpdf2.o)
                0x080008f4                __gtdf2
                0x080008f4                __gedf2
                0x080008fc                __ltdf2
                0x080008fc                __ledf2
                0x08000904                __nedf2
                0x08000904                __eqdf2
                0x08000904                __cmpdf2
                0x08000980                __aeabi_cdrcmple
                0x08000990                __aeabi_cdcmpeq
                0x08000990                __aeabi_cdcmple
                0x080009a0                __aeabi_dcmpeq
                0x080009b4                __aeabi_dcmplt
                0x080009c8                __aeabi_dcmple
                0x080009dc                __aeabi_dcmpge
                0x080009f0                __aeabi_dcmpgt
 .text          0x08000a04       0x2c c:/program files (x86)/atollic/truestudio for stm32 9.3.0/armtools/bin/../lib/gcc/arm-atollic-eabi/6.3.1/armv7-m\libgcc.a(_arm_unorddf2.o)
                0x08000a04                __unorddf2
                0x08000a04                __aeabi_dcmpun
 .text          0x08000a30       0x50 c:/program files (x86)/atollic/truestudio for stm32 9.3.0/armtools/bin/../lib/gcc/arm-atollic-eabi/6.3.1/armv7-m\libgcc.a(_arm_fixdfsi.o)
                0x08000a30                __aeabi_d2iz
                0x08000a30                __fixdfsi
 .text          0x08000a80       0xa0 c:/program files (x86)/atollic/truestudio for stm32 9.3.0/armtools/bin/../lib/gcc/arm-atollic-eabi/6.3.1/armv7-m\libgcc.a(_arm_truncdfsf2.o)
                0x08000a80                __truncdfsf2
                0x08000a80                __aeabi_d2f
 .text          0x08000b20       0x30 c:/program files (x86)/atollic/truestudio for stm32 9.3.0/armtools/bin/../lib/gcc/arm-atollic-eabi/6.3.1/armv7-m\libgcc.a(_aeabi_uldivmod.o)
                0x08000b20                __aeabi_uldivmod
 .text          0x08000b50      0x2dc c:/program files (x86)/atollic/truestudio for stm32 9.3.0/armtools/bin/../lib/gcc/arm-atollic-eabi/6.3.1/armv7-m\libgcc.a(_udivmoddi4.o)
                0x08000b50                __udivmoddi4
 .text          0x08000e2c        0x4 c:/program files (x86)/atollic/truestudio for stm32 9.3.0/armtools/bin/../lib/gcc/arm-atollic-eabi/6.3.1/armv7-m\libgcc.a(_dvmd_tls.o)
                0x08000e2c                __aeabi_idiv0
                0x08000e2c                __aeabi_ldiv0
 *(.text*)
 .text.NVIC_Init
                0x08000e30       0xc4 Libraries\STM32F10x_StdPeriph_Driver\src\misc.o
                0x08000e30                NVIC_Init
 .text.ADC_Init
                0x08000ef4       0xa4 Libraries\STM32F10x_StdPeriph_Driver\src\stm32f10x_adc.o
                0x08000ef4                ADC_Init
 .text.ADC_Cmd  0x08000f98       0x36 Libraries\STM32F10x_StdPeriph_Driver\src\stm32f10x_adc.o
                0x08000f98                ADC_Cmd
 .text.ADC_ResetCalibration
                0x08000fce       0x1e Libraries\STM32F10x_StdPeriph_Driver\src\stm32f10x_adc.o
                0x08000fce                ADC_ResetCalibration
 .text.ADC_GetResetCalibrationStatus
                0x08000fec       0x2e Libraries\STM32F10x_StdPeriph_Driver\src\stm32f10x_adc.o
                0x08000fec                ADC_GetResetCalibrationStatus
 .text.ADC_StartCalibration
                0x0800101a       0x1e Libraries\STM32F10x_StdPeriph_Driver\src\stm32f10x_adc.o
                0x0800101a                ADC_StartCalibration
 .text.ADC_GetCalibrationStatus
                0x08001038       0x2e Libraries\STM32F10x_StdPeriph_Driver\src\stm32f10x_adc.o
                0x08001038                ADC_GetCalibrationStatus
 .text.ADC_RegularChannelConfig
                0x08001066      0x192 Libraries\STM32F10x_StdPeriph_Driver\src\stm32f10x_adc.o
                0x08001066                ADC_RegularChannelConfig
 .text.ADC_GetConversionValue
                0x080011f8       0x18 Libraries\STM32F10x_StdPeriph_Driver\src\stm32f10x_adc.o
                0x080011f8                ADC_GetConversionValue
 .text.ADC_TempSensorVrefintCmd
                0x08001210       0x38 Libraries\STM32F10x_StdPeriph_Driver\src\stm32f10x_adc.o
                0x08001210                ADC_TempSensorVrefintCmd
 .text.ADC_GetFlagStatus
                0x08001248       0x32 Libraries\STM32F10x_StdPeriph_Driver\src\stm32f10x_adc.o
                0x08001248                ADC_GetFlagStatus
 .text.GPIO_Init
                0x0800127a      0x178 Libraries\STM32F10x_StdPeriph_Driver\src\stm32f10x_gpio.o
                0x0800127a                GPIO_Init
 *fill*         0x080013f2        0x2 
 .text.RCC_ADCCLKConfig
                0x080013f4       0x38 Libraries\STM32F10x_StdPeriph_Driver\src\stm32f10x_rcc.o
                0x080013f4                RCC_ADCCLKConfig
 .text.RCC_APB2PeriphClockCmd
                0x0800142c       0x3c Libraries\STM32F10x_StdPeriph_Driver\src\stm32f10x_rcc.o
                0x0800142c                RCC_APB2PeriphClockCmd
 .text.RCC_APB1PeriphClockCmd
                0x08001468       0x3c Libraries\STM32F10x_StdPeriph_Driver\src\stm32f10x_rcc.o
                0x08001468                RCC_APB1PeriphClockCmd
 .text.TIM_TimeBaseInit
                0x080014a4       0xf8 Libraries\STM32F10x_StdPeriph_Driver\src\stm32f10x_tim.o
                0x080014a4                TIM_TimeBaseInit
 .text.TIM_Cmd  0x0800159c       0x3e Libraries\STM32F10x_StdPeriph_Driver\src\stm32f10x_tim.o
                0x0800159c                TIM_Cmd
 .text.TIM_ITConfig
                0x080015da       0x46 Libraries\STM32F10x_StdPeriph_Driver\src\stm32f10x_tim.o
                0x080015da                TIM_ITConfig
 .text.TIM_ClearITPendingBit
                0x08001620       0x20 Libraries\STM32F10x_StdPeriph_Driver\src\stm32f10x_tim.o
                0x08001620                TIM_ClearITPendingBit
 .text.Conf_GPIO
                0x08001640       0x30 src\conf_gpio.o
                0x08001640                Conf_GPIO
 .text.main     0x08001670       0xe0 src\main.o
                0x08001670                main
 .text.Conf_ADC
                0x08001750       0x8c src\main.o
                0x08001750                Conf_ADC
 .text.Conf_TIM2
                0x080017dc       0x5a src\main.o
                0x080017dc                Conf_TIM2
 .text.Conf_NVIC
                0x08001836       0x26 src\main.o
                0x08001836                Conf_NVIC
 .text.Conf_TIM3
                0x0800185c       0x44 src\main.o
                0x0800185c                Conf_TIM3
 .text.Reset_Handler
                0x080018a0       0x50 src\startup_stm32f10x_md.o
                0x080018a0                Reset_Handler
 .text.Default_Handler
                0x080018f0        0x2 src\startup_stm32f10x_md.o
                0x080018f0                EXTI2_IRQHandler
                0x080018f0                DebugMon_Handler
                0x080018f0                TIM1_CC_IRQHandler
                0x080018f0                HardFault_Handler
                0x080018f0                SysTick_Handler
                0x080018f0                PVD_IRQHandler
                0x080018f0                PendSV_Handler
                0x080018f0                NMI_Handler
                0x080018f0                EXTI3_IRQHandler
                0x080018f0                EXTI0_IRQHandler
                0x080018f0                I2C2_EV_IRQHandler
                0x080018f0                UsageFault_Handler
                0x080018f0                ADC1_2_IRQHandler
                0x080018f0                SPI1_IRQHandler
                0x080018f0                TAMPER_IRQHandler
                0x080018f0                DMA1_Channel4_IRQHandler
                0x080018f0                USART3_IRQHandler
                0x080018f0                RTC_IRQHandler
                0x080018f0                DMA1_Channel7_IRQHandler
                0x080018f0                CAN1_RX1_IRQHandler
                0x080018f0                TIM4_IRQHandler
                0x080018f0                I2C1_EV_IRQHandler
                0x080018f0                DMA1_Channel6_IRQHandler
                0x080018f0                RCC_IRQHandler
                0x080018f0                TIM1_TRG_COM_IRQHandler
                0x080018f0                DMA1_Channel1_IRQHandler
                0x080018f0                Default_Handler
                0x080018f0                EXTI15_10_IRQHandler
                0x080018f0                EXTI9_5_IRQHandler
                0x080018f0                SPI2_IRQHandler
                0x080018f0                MemManage_Handler
                0x080018f0                SVC_Handler
                0x080018f0                DMA1_Channel5_IRQHandler
                0x080018f0                EXTI4_IRQHandler
                0x080018f0                USB_LP_CAN1_RX0_IRQHandler
                0x080018f0                USB_HP_CAN1_TX_IRQHandler
                0x080018f0                DMA1_Channel3_IRQHandler
                0x080018f0                TIM1_UP_IRQHandler
                0x080018f0                WWDG_IRQHandler
                0x080018f0                TIM1_BRK_IRQHandler
                0x080018f0                EXTI1_IRQHandler
                0x080018f0                RTCAlarm_IRQHandler
                0x080018f0                USART2_IRQHandler
                0x080018f0                I2C2_ER_IRQHandler
                0x080018f0                DMA1_Channel2_IRQHandler
                0x080018f0                CAN1_SCE_IRQHandler
                0x080018f0                FLASH_IRQHandler
                0x080018f0                BusFault_Handler
                0x080018f0                USART1_IRQHandler
                0x080018f0                I2C1_ER_IRQHandler
                0x080018f0                USBWakeUp_IRQHandler
 *fill*         0x080018f2        0x2 
 .text.TIM2_IRQHandler
                0x080018f4       0x20 src\stm32f1xx_it.o
                0x080018f4                TIM2_IRQHandler
 .text.TIM3_IRQHandler
                0x08001914       0x24 src\stm32f1xx_it.o
                0x08001914                TIM3_IRQHandler
 .text.SystemInit
                0x08001938       0x68 src\system_stm32f10x.o
                0x08001938                SystemInit
 .text.SetSysClock
                0x080019a0        0xc src\system_stm32f10x.o
 .text.SetSysClockTo72
                0x080019ac      0x100 src\system_stm32f10x.o
 .text.__libc_init_array
                0x08001aac       0x48 c:/program files (x86)/atollic/truestudio for stm32 9.3.0/armtools/bin/../lib/gcc/arm-atollic-eabi/6.3.1/../../../../arm-atollic-eabi/lib/armv7-m\libc.a(lib_a-init.o)
                0x08001aac                __libc_init_array
 .text.sprintf  0x08001af4       0x48 c:/program files (x86)/atollic/truestudio for stm32 9.3.0/armtools/bin/../lib/gcc/arm-atollic-eabi/6.3.1/../../../../arm-atollic-eabi/lib/armv7-m\libc.a(lib_a-sprintf.o)
                0x08001af4                sprintf
 .text._svfprintf_r
                0x08001b3c      0xfa0 c:/program files (x86)/atollic/truestudio for stm32 9.3.0/armtools/bin/../lib/gcc/arm-atollic-eabi/6.3.1/../../../../arm-atollic-eabi/lib/armv7-m\libc.a(lib_a-svfprintf.o)
                0x08001b3c                _svfprintf_r
 .text.quorem   0x08002adc      0x118 c:/program files (x86)/atollic/truestudio for stm32 9.3.0/armtools/bin/../lib/gcc/arm-atollic-eabi/6.3.1/../../../../arm-atollic-eabi/lib/armv7-m\libc.a(lib_a-dtoa.o)
 *fill*         0x08002bf4        0x4 
 .text._dtoa_r  0x08002bf8      0xba8 c:/program files (x86)/atollic/truestudio for stm32 9.3.0/armtools/bin/../lib/gcc/arm-atollic-eabi/6.3.1/../../../../arm-atollic-eabi/lib/armv7-m\libc.a(lib_a-dtoa.o)
                0x08002bf8                _dtoa_r
 .text._localeconv_r
                0x080037a0       0x1c c:/program files (x86)/atollic/truestudio for stm32 9.3.0/armtools/bin/../lib/gcc/arm-atollic-eabi/6.3.1/../../../../arm-atollic-eabi/lib/armv7-m\libc.a(lib_a-localeconv.o)
                0x080037a0                _localeconv_r
 .text.malloc   0x080037bc       0x10 c:/program files (x86)/atollic/truestudio for stm32 9.3.0/armtools/bin/../lib/gcc/arm-atollic-eabi/6.3.1/../../../../arm-atollic-eabi/lib/armv7-m\libc.a(lib_a-malloc.o)
                0x080037bc                malloc
 .text._malloc_r
                0x080037cc      0x418 c:/program files (x86)/atollic/truestudio for stm32 9.3.0/armtools/bin/../lib/gcc/arm-atollic-eabi/6.3.1/../../../../arm-atollic-eabi/lib/armv7-m\libc.a(lib_a-mallocr.o)
                0x080037cc                _malloc_r
 .text.memchr   0x08003be4       0x1c c:/program files (x86)/atollic/truestudio for stm32 9.3.0/armtools/bin/../lib/gcc/arm-atollic-eabi/6.3.1/../../../../arm-atollic-eabi/lib/armv7-m\libc.a(lib_a-memchr-stub.o)
                0x08003be4                memchr
 .text.memcpy   0x08003c00       0x16 c:/program files (x86)/atollic/truestudio for stm32 9.3.0/armtools/bin/../lib/gcc/arm-atollic-eabi/6.3.1/../../../../arm-atollic-eabi/lib/armv7-m\libc.a(lib_a-memcpy-stub.o)
                0x08003c00                memcpy
 *fill*         0x08003c16        0x2 
 .text.__malloc_lock
                0x08003c18        0xc c:/program files (x86)/atollic/truestudio for stm32 9.3.0/armtools/bin/../lib/gcc/arm-atollic-eabi/6.3.1/../../../../arm-atollic-eabi/lib/armv7-m\libc.a(lib_a-mlock.o)
                0x08003c18                __malloc_lock
 .text.__malloc_unlock
                0x08003c24        0xc c:/program files (x86)/atollic/truestudio for stm32 9.3.0/armtools/bin/../lib/gcc/arm-atollic-eabi/6.3.1/../../../../arm-atollic-eabi/lib/armv7-m\libc.a(lib_a-mlock.o)
                0x08003c24                __malloc_unlock
 .text._Balloc  0x08003c30       0x68 c:/program files (x86)/atollic/truestudio for stm32 9.3.0/armtools/bin/../lib/gcc/arm-atollic-eabi/6.3.1/../../../../arm-atollic-eabi/lib/armv7-m\libc.a(lib_a-mprec.o)
                0x08003c30                _Balloc
 .text._Bfree   0x08003c98       0x2e c:/program files (x86)/atollic/truestudio for stm32 9.3.0/armtools/bin/../lib/gcc/arm-atollic-eabi/6.3.1/../../../../arm-atollic-eabi/lib/armv7-m\libc.a(lib_a-mprec.o)
                0x08003c98                _Bfree
 .text.__multadd
                0x08003cc6       0x76 c:/program files (x86)/atollic/truestudio for stm32 9.3.0/armtools/bin/../lib/gcc/arm-atollic-eabi/6.3.1/../../../../arm-atollic-eabi/lib/armv7-m\libc.a(lib_a-mprec.o)
                0x08003cc6                __multadd
 .text.__hi0bits
                0x08003d3c       0x3e c:/program files (x86)/atollic/truestudio for stm32 9.3.0/armtools/bin/../lib/gcc/arm-atollic-eabi/6.3.1/../../../../arm-atollic-eabi/lib/armv7-m\libc.a(lib_a-mprec.o)
                0x08003d3c                __hi0bits
 .text.__lo0bits
                0x08003d7a       0x5e c:/program files (x86)/atollic/truestudio for stm32 9.3.0/armtools/bin/../lib/gcc/arm-atollic-eabi/6.3.1/../../../../arm-atollic-eabi/lib/armv7-m\libc.a(lib_a-mprec.o)
                0x08003d7a                __lo0bits
 .text.__i2b    0x08003dd8       0x12 c:/program files (x86)/atollic/truestudio for stm32 9.3.0/armtools/bin/../lib/gcc/arm-atollic-eabi/6.3.1/../../../../arm-atollic-eabi/lib/armv7-m\libc.a(lib_a-mprec.o)
                0x08003dd8                __i2b
 .text.__multiply
                0x08003dea      0x118 c:/program files (x86)/atollic/truestudio for stm32 9.3.0/armtools/bin/../lib/gcc/arm-atollic-eabi/6.3.1/../../../../arm-atollic-eabi/lib/armv7-m\libc.a(lib_a-mprec.o)
                0x08003dea                __multiply
 *fill*         0x08003f02        0x2 
 .text.__pow5mult
                0x08003f04       0x9c c:/program files (x86)/atollic/truestudio for stm32 9.3.0/armtools/bin/../lib/gcc/arm-atollic-eabi/6.3.1/../../../../arm-atollic-eabi/lib/armv7-m\libc.a(lib_a-mprec.o)
                0x08003f04                __pow5mult
 .text.__lshift
                0x08003fa0       0xa2 c:/program files (x86)/atollic/truestudio for stm32 9.3.0/armtools/bin/../lib/gcc/arm-atollic-eabi/6.3.1/../../../../arm-atollic-eabi/lib/armv7-m\libc.a(lib_a-mprec.o)
                0x08003fa0                __lshift
 .text.__mcmp   0x08004042       0x34 c:/program files (x86)/atollic/truestudio for stm32 9.3.0/armtools/bin/../lib/gcc/arm-atollic-eabi/6.3.1/../../../../arm-atollic-eabi/lib/armv7-m\libc.a(lib_a-mprec.o)
                0x08004042                __mcmp
 .text.__mdiff  0x08004076       0xbe c:/program files (x86)/atollic/truestudio for stm32 9.3.0/armtools/bin/../lib/gcc/arm-atollic-eabi/6.3.1/../../../../arm-atollic-eabi/lib/armv7-m\libc.a(lib_a-mprec.o)
                0x08004076                __mdiff
 .text.__d2b    0x08004134       0x9e c:/program files (x86)/atollic/truestudio for stm32 9.3.0/armtools/bin/../lib/gcc/arm-atollic-eabi/6.3.1/../../../../arm-atollic-eabi/lib/armv7-m\libc.a(lib_a-mprec.o)
                0x08004134                __d2b
 *fill*         0x080041d2        0x2 
 .text._sbrk_r  0x080041d4       0x20 c:/program files (x86)/atollic/truestudio for stm32 9.3.0/armtools/bin/../lib/gcc/arm-atollic-eabi/6.3.1/../../../../arm-atollic-eabi/lib/armv7-m\libc.a(lib_a-sbrkr.o)
                0x080041d4                _sbrk_r
 .text.__ssprint_r
                0x080041f4       0xf4 c:/program files (x86)/atollic/truestudio for stm32 9.3.0/armtools/bin/../lib/gcc/arm-atollic-eabi/6.3.1/../../../../arm-atollic-eabi/lib/armv7-m\libc.a(lib_a-svfiprintf.o)
                0x080041f4                __ssprint_r
 .text._calloc_r
                0x080042e8       0x5a c:/program files (x86)/atollic/truestudio for stm32 9.3.0/armtools/bin/../lib/gcc/arm-atollic-eabi/6.3.1/../../../../arm-atollic-eabi/lib/armv7-m\libc.a(lib_a-callocr.o)
                0x080042e8                _calloc_r
 *fill*         0x08004342        0x2 
 .text._malloc_trim_r
                0x08004344       0xac c:/program files (x86)/atollic/truestudio for stm32 9.3.0/armtools/bin/../lib/gcc/arm-atollic-eabi/6.3.1/../../../../arm-atollic-eabi/lib/armv7-m\libc.a(lib_a-freer.o)
                0x08004344                _malloc_trim_r
 .text._free_r  0x080043f0      0x178 c:/program files (x86)/atollic/truestudio for stm32 9.3.0/armtools/bin/../lib/gcc/arm-atollic-eabi/6.3.1/../../../../arm-atollic-eabi/lib/armv7-m\libc.a(lib_a-freer.o)
                0x080043f0                _free_r
 .text.__retarget_lock_acquire_recursive
                0x08004568        0x2 c:/program files (x86)/atollic/truestudio for stm32 9.3.0/armtools/bin/../lib/gcc/arm-atollic-eabi/6.3.1/../../../../arm-atollic-eabi/lib/armv7-m\libc.a(lib_a-lock.o)
                0x08004568                __retarget_lock_acquire_recursive
 .text.__retarget_lock_release_recursive
                0x0800456a        0x2 c:/program files (x86)/atollic/truestudio for stm32 9.3.0/armtools/bin/../lib/gcc/arm-atollic-eabi/6.3.1/../../../../arm-atollic-eabi/lib/armv7-m\libc.a(lib_a-lock.o)
                0x0800456a                __retarget_lock_release_recursive
 .text.__ascii_mbtowc
                0x0800456c       0x24 c:/program files (x86)/atollic/truestudio for stm32 9.3.0/armtools/bin/../lib/gcc/arm-atollic-eabi/6.3.1/../../../../arm-atollic-eabi/lib/armv7-m\libc.a(lib_a-mbtowc_r.o)
                0x0800456c                __ascii_mbtowc
 .text.memmove  0x08004590       0x34 c:/program files (x86)/atollic/truestudio for stm32 9.3.0/armtools/bin/../lib/gcc/arm-atollic-eabi/6.3.1/../../../../arm-atollic-eabi/lib/armv7-m\libc.a(lib_a-memmove.o)
                0x08004590                memmove
 .text.memset   0x080045c4       0x10 c:/program files (x86)/atollic/truestudio for stm32 9.3.0/armtools/bin/../lib/gcc/arm-atollic-eabi/6.3.1/../../../../arm-atollic-eabi/lib/armv7-m\libc.a(lib_a-memset.o)
                0x080045c4                memset
 .text._realloc_r
                0x080045d4      0x304 c:/program files (x86)/atollic/truestudio for stm32 9.3.0/armtools/bin/../lib/gcc/arm-atollic-eabi/6.3.1/../../../../arm-atollic-eabi/lib/armv7-m\libc.a(lib_a-reallocr.o)
                0x080045d4                _realloc_r
 .text.__ascii_wctomb
                0x080048d8       0x1a c:/program files (x86)/atollic/truestudio for stm32 9.3.0/armtools/bin/../lib/gcc/arm-atollic-eabi/6.3.1/../../../../arm-atollic-eabi/lib/armv7-m\libc.a(lib_a-wctomb_r.o)
                0x080048d8                __ascii_wctomb
 *fill*         0x080048f2        0x2 
 .text._sbrk    0x080048f4       0x1c c:/program files (x86)/atollic/truestudio for stm32 9.3.0/armtools/bin/../lib/gcc/arm-atollic-eabi/6.3.1/../../../../arm-atollic-eabi/lib/armv7-m\libnosys.a(sbrk.o)
                0x080048f4                _sbrk
 *(.glue_7)
 .glue_7        0x08004910        0x0 linker stubs
 *(.glue_7t)
 .glue_7t       0x08004910        0x0 linker stubs
 *(.eh_frame)
 .eh_frame      0x08004910        0x0 c:/program files (x86)/atollic/truestudio for stm32 9.3.0/armtools/bin/../lib/gcc/arm-atollic-eabi/6.3.1/armv7-m/crtbegin.o
 *(.init)
 .init          0x08004910        0x4 c:/program files (x86)/atollic/truestudio for stm32 9.3.0/armtools/bin/../lib/gcc/arm-atollic-eabi/6.3.1/armv7-m/crti.o
                0x08004910                _init
 .init          0x08004914        0x8 c:/program files (x86)/atollic/truestudio for stm32 9.3.0/armtools/bin/../lib/gcc/arm-atollic-eabi/6.3.1/armv7-m/crtn.o
 *(.fini)
 .fini          0x0800491c        0x4 c:/program files (x86)/atollic/truestudio for stm32 9.3.0/armtools/bin/../lib/gcc/arm-atollic-eabi/6.3.1/armv7-m/crti.o
                0x0800491c                _fini
 .fini          0x08004920        0x8 c:/program files (x86)/atollic/truestudio for stm32 9.3.0/armtools/bin/../lib/gcc/arm-atollic-eabi/6.3.1/armv7-m/crtn.o
                0x08004928                . = ALIGN (0x4)
                0x08004928                _etext = .

.vfp11_veneer   0x08004928        0x0
 .vfp11_veneer  0x08004928        0x0 linker stubs

.v4_bx          0x08004928        0x0
 .v4_bx         0x08004928        0x0 linker stubs

.iplt           0x08004928        0x0
 .iplt          0x08004928        0x0 c:/program files (x86)/atollic/truestudio for stm32 9.3.0/armtools/bin/../lib/gcc/arm-atollic-eabi/6.3.1/armv7-m/crtbegin.o

.rodata         0x08004928      0x288
                0x08004928                . = ALIGN (0x4)
 *(.rodata)
 .rodata        0x08004928       0x1c src\main.o
 *(.rodata*)
 .rodata._svfprintf_r.str1.1
                0x08004944       0x34 c:/program files (x86)/atollic/truestudio for stm32 9.3.0/armtools/bin/../lib/gcc/arm-atollic-eabi/6.3.1/../../../../arm-atollic-eabi/lib/armv7-m\libc.a(lib_a-svfprintf.o)
 .rodata.blanks.7236
                0x08004978       0x10 c:/program files (x86)/atollic/truestudio for stm32 9.3.0/armtools/bin/../lib/gcc/arm-atollic-eabi/6.3.1/../../../../arm-atollic-eabi/lib/armv7-m\libc.a(lib_a-svfprintf.o)
 .rodata.zeroes.7237
                0x08004988       0x10 c:/program files (x86)/atollic/truestudio for stm32 9.3.0/armtools/bin/../lib/gcc/arm-atollic-eabi/6.3.1/../../../../arm-atollic-eabi/lib/armv7-m\libc.a(lib_a-svfprintf.o)
 .rodata._dtoa_r.str1.1
                0x08004998        0xd c:/program files (x86)/atollic/truestudio for stm32 9.3.0/armtools/bin/../lib/gcc/arm-atollic-eabi/6.3.1/../../../../arm-atollic-eabi/lib/armv7-m\libc.a(lib_a-dtoa.o)
                                  0xf (size before relaxing)
 *fill*         0x080049a5        0x3 
 .rodata.__mprec_bigtens
                0x080049a8       0x28 c:/program files (x86)/atollic/truestudio for stm32 9.3.0/armtools/bin/../lib/gcc/arm-atollic-eabi/6.3.1/../../../../arm-atollic-eabi/lib/armv7-m\libc.a(lib_a-mprec.o)
                0x080049a8                __mprec_bigtens
 .rodata.__mprec_tens
                0x080049d0       0xc8 c:/program files (x86)/atollic/truestudio for stm32 9.3.0/armtools/bin/../lib/gcc/arm-atollic-eabi/6.3.1/../../../../arm-atollic-eabi/lib/armv7-m\libc.a(lib_a-mprec.o)
                0x080049d0                __mprec_tens
 .rodata.p05.6073
                0x08004a98        0xc c:/program files (x86)/atollic/truestudio for stm32 9.3.0/armtools/bin/../lib/gcc/arm-atollic-eabi/6.3.1/../../../../arm-atollic-eabi/lib/armv7-m\libc.a(lib_a-mprec.o)
 .rodata._setlocale_r.str1.1
                0x08004aa4        0x8 c:/program files (x86)/atollic/truestudio for stm32 9.3.0/armtools/bin/../lib/gcc/arm-atollic-eabi/6.3.1/../../../../arm-atollic-eabi/lib/armv7-m\libc.a(lib_a-locale.o)
                                  0x9 (size before relaxing)
 .rodata.str1.1
                0x08004aac        0x2 c:/program files (x86)/atollic/truestudio for stm32 9.3.0/armtools/bin/../lib/gcc/arm-atollic-eabi/6.3.1/../../../../arm-atollic-eabi/lib/armv7-m\libc.a(lib_a-locale.o)
 .rodata._ctype_
                0x08004aae      0x101 c:/program files (x86)/atollic/truestudio for stm32 9.3.0/armtools/bin/../lib/gcc/arm-atollic-eabi/6.3.1/../../../../arm-atollic-eabi/lib/armv7-m\libc.a(lib_a-ctype_.o)
                0x08004aae                _ctype_
                0x08004bb0                . = ALIGN (0x4)
 *fill*         0x08004baf        0x1 

.ARM.extab
 *(.ARM.extab* .gnu.linkonce.armextab.*)

.ARM            0x08004bb0        0x8
                0x08004bb0                __exidx_start = .
 *(.ARM.exidx*)
 .ARM.exidx     0x08004bb0        0x8 c:/program files (x86)/atollic/truestudio for stm32 9.3.0/armtools/bin/../lib/gcc/arm-atollic-eabi/6.3.1/armv7-m\libgcc.a(_udivmoddi4.o)
                0x08004bb8                __exidx_end = .

.rel.dyn        0x08004bb8        0x0
 .rel.iplt      0x08004bb8        0x0 c:/program files (x86)/atollic/truestudio for stm32 9.3.0/armtools/bin/../lib/gcc/arm-atollic-eabi/6.3.1/armv7-m/crtbegin.o

.preinit_array  0x08004bb8        0x0
                0x08004bb8                PROVIDE (__preinit_array_start, .)
 *(.preinit_array*)
                0x08004bb8                PROVIDE (__preinit_array_end, .)

.init_array     0x08004bb8        0x4
                0x08004bb8                PROVIDE (__init_array_start, .)
 *(SORT(.init_array.*))
 *(.init_array*)
 .init_array    0x08004bb8        0x4 c:/program files (x86)/atollic/truestudio for stm32 9.3.0/armtools/bin/../lib/gcc/arm-atollic-eabi/6.3.1/armv7-m/crtbegin.o
                0x08004bbc                PROVIDE (__init_array_end, .)

.fini_array     0x08004bbc        0x4
                [!provide]                PROVIDE (__fini_array_start, .)
 *(SORT(.fini_array.*))
 *(.fini_array*)
 .fini_array    0x08004bbc        0x4 c:/program files (x86)/atollic/truestudio for stm32 9.3.0/armtools/bin/../lib/gcc/arm-atollic-eabi/6.3.1/armv7-m/crtbegin.o
                [!provide]                PROVIDE (__fini_array_end, .)
                0x08004bc0                _sidata = LOADADDR (.data)

.data           0x20000000      0x670 load address 0x08004bc0
                0x20000000                . = ALIGN (0x4)
                0x20000000                _sdata = .
 *(.data)
 *(.data*)
 .data._impure_ptr
                0x20000000        0x4 c:/program files (x86)/atollic/truestudio for stm32 9.3.0/armtools/bin/../lib/gcc/arm-atollic-eabi/6.3.1/../../../../arm-atollic-eabi/lib/armv7-m\libc.a(lib_a-impure.o)
                0x20000000                _impure_ptr
 .data.impure_data
                0x20000004       0xf0 c:/program files (x86)/atollic/truestudio for stm32 9.3.0/armtools/bin/../lib/gcc/arm-atollic-eabi/6.3.1/../../../../arm-atollic-eabi/lib/armv7-m\libc.a(lib_a-impure.o)
 .data.__malloc_av_
                0x200000f4      0x408 c:/program files (x86)/atollic/truestudio for stm32 9.3.0/armtools/bin/../lib/gcc/arm-atollic-eabi/6.3.1/../../../../arm-atollic-eabi/lib/armv7-m\libc.a(lib_a-mallocr.o)
                0x200000f4                __malloc_av_
 .data.__malloc_sbrk_base
                0x200004fc        0x4 c:/program files (x86)/atollic/truestudio for stm32 9.3.0/armtools/bin/../lib/gcc/arm-atollic-eabi/6.3.1/../../../../arm-atollic-eabi/lib/armv7-m\libc.a(lib_a-mallocr.o)
                0x200004fc                __malloc_sbrk_base
 .data.__malloc_trim_threshold
                0x20000500        0x4 c:/program files (x86)/atollic/truestudio for stm32 9.3.0/armtools/bin/../lib/gcc/arm-atollic-eabi/6.3.1/../../../../arm-atollic-eabi/lib/armv7-m\libc.a(lib_a-mallocr.o)
                0x20000500                __malloc_trim_threshold
 .data.__global_locale
                0x20000504      0x16c c:/program files (x86)/atollic/truestudio for stm32 9.3.0/armtools/bin/../lib/gcc/arm-atollic-eabi/6.3.1/../../../../arm-atollic-eabi/lib/armv7-m\libc.a(lib_a-locale.o)
                0x20000504                __global_locale
                0x20000670                . = ALIGN (0x4)
                0x20000670                _edata = .

.igot.plt       0x20000670        0x0 load address 0x08005230
 .igot.plt      0x20000670        0x0 c:/program files (x86)/atollic/truestudio for stm32 9.3.0/armtools/bin/../lib/gcc/arm-atollic-eabi/6.3.1/armv7-m/crtbegin.o
                0x20000670                . = ALIGN (0x4)

.bss            0x20000670       0x6c load address 0x08005230
                0x20000670                _sbss = .
                0x20000670                __bss_start__ = _sbss
 *(.bss)
 .bss           0x20000670       0x1c c:/program files (x86)/atollic/truestudio for stm32 9.3.0/armtools/bin/../lib/gcc/arm-atollic-eabi/6.3.1/armv7-m/crtbegin.o
 *(.bss*)
 .bss.contador_ms
                0x2000068c        0x4 src\main.o
                0x2000068c                contador_ms
 .bss.estado    0x20000690        0x1 src\main.o
                0x20000690                estado
 *fill*         0x20000691        0x3 
 .bss.__malloc_current_mallinfo
                0x20000694       0x28 c:/program files (x86)/atollic/truestudio for stm32 9.3.0/armtools/bin/../lib/gcc/arm-atollic-eabi/6.3.1/../../../../arm-atollic-eabi/lib/armv7-m\libc.a(lib_a-mallocr.o)
                0x20000694                __malloc_current_mallinfo
 .bss.__malloc_max_sbrked_mem
                0x200006bc        0x4 c:/program files (x86)/atollic/truestudio for stm32 9.3.0/armtools/bin/../lib/gcc/arm-atollic-eabi/6.3.1/../../../../arm-atollic-eabi/lib/armv7-m\libc.a(lib_a-mallocr.o)
                0x200006bc                __malloc_max_sbrked_mem
 .bss.__malloc_max_total_mem
                0x200006c0        0x4 c:/program files (x86)/atollic/truestudio for stm32 9.3.0/armtools/bin/../lib/gcc/arm-atollic-eabi/6.3.1/../../../../arm-atollic-eabi/lib/armv7-m\libc.a(lib_a-mallocr.o)
                0x200006c0                __malloc_max_total_mem
 .bss.__malloc_top_pad
                0x200006c4        0x4 c:/program files (x86)/atollic/truestudio for stm32 9.3.0/armtools/bin/../lib/gcc/arm-atollic-eabi/6.3.1/../../../../arm-atollic-eabi/lib/armv7-m\libc.a(lib_a-mallocr.o)
                0x200006c4                __malloc_top_pad
 .bss.heap_end.4116
                0x200006c8        0x4 c:/program files (x86)/atollic/truestudio for stm32 9.3.0/armtools/bin/../lib/gcc/arm-atollic-eabi/6.3.1/../../../../arm-atollic-eabi/lib/armv7-m\libnosys.a(sbrk.o)
 *(COMMON)
 COMMON         0x200006cc        0x2 src\main.o
                0x200006cc                ADC_DADO
 COMMON         0x200006ce        0x9 c:/program files (x86)/atollic/truestudio for stm32 9.3.0/armtools/bin/../lib/gcc/arm-atollic-eabi/6.3.1/../../../../arm-atollic-eabi/lib/armv7-m\libc.a(lib_a-lock.o)
                0x200006ce                __lock___atexit_recursive_mutex
                0x200006cf                __lock___arc4random_mutex
                0x200006d0                __lock___env_recursive_mutex
                0x200006d1                __lock___sinit_recursive_mutex
                0x200006d2                __lock___malloc_recursive_mutex
                0x200006d3                __lock___at_quick_exit_mutex
                0x200006d4                __lock___dd_hash_mutex
                0x200006d5                __lock___tz_mutex
                0x200006d6                __lock___sfp_recursive_mutex
 *fill*         0x200006d7        0x1 
 COMMON         0x200006d8        0x4 c:/program files (x86)/atollic/truestudio for stm32 9.3.0/armtools/bin/../lib/gcc/arm-atollic-eabi/6.3.1/../../../../arm-atollic-eabi/lib/armv7-m\libc.a(lib_a-reent.o)
                0x200006d8                errno
                0x200006dc                . = ALIGN (0x4)
                0x200006dc                _ebss = .
                0x200006dc                __bss_end__ = _ebss

._user_heap_stack
                0x200006dc      0x100 load address 0x08005230
                0x200006dc                . = ALIGN (0x4)
                0x200006dc                PROVIDE (end, .)
                [!provide]                PROVIDE (_end, .)
                0x200006dc                . = (. + _Min_Heap_Size)
                0x200007dc                . = (. + _Min_Stack_Size)
 *fill*         0x200006dc      0x100 
                0x200007dc                . = ALIGN (0x4)

.memory_b1_text
 *(.mb1text)
 *(.mb1text*)
 *(.mb1rodata)
 *(.mb1rodata*)

/DISCARD/
 libc.a(*)
 libm.a(*)
 libgcc.a(*)

.ARM.attributes
                0x00000000       0x29
 *(.ARM.attributes)
 .ARM.attributes
                0x00000000       0x1d c:/program files (x86)/atollic/truestudio for stm32 9.3.0/armtools/bin/../lib/gcc/arm-atollic-eabi/6.3.1/armv7-m/crti.o
 .ARM.attributes
                0x0000001d       0x2d c:/program files (x86)/atollic/truestudio for stm32 9.3.0/armtools/bin/../lib/gcc/arm-atollic-eabi/6.3.1/armv7-m/crtbegin.o
 .ARM.attributes
                0x0000004a       0x33 Libraries\STM32F10x_StdPeriph_Driver\src\misc.o
 .ARM.attributes
                0x0000007d       0x33 Libraries\STM32F10x_StdPeriph_Driver\src\stm32f10x_adc.o
 .ARM.attributes
                0x000000b0       0x33 Libraries\STM32F10x_StdPeriph_Driver\src\stm32f10x_gpio.o
 .ARM.attributes
                0x000000e3       0x33 Libraries\STM32F10x_StdPeriph_Driver\src\stm32f10x_rcc.o
 .ARM.attributes
                0x00000116       0x33 Libraries\STM32F10x_StdPeriph_Driver\src\stm32f10x_tim.o
 .ARM.attributes
                0x00000149       0x33 src\conf_gpio.o
 .ARM.attributes
                0x0000017c       0x33 src\main.o
 .ARM.attributes
                0x000001af       0x21 src\startup_stm32f10x_md.o
 .ARM.attributes
                0x000001d0       0x33 src\stm32f1xx_it.o
 .ARM.attributes
                0x00000203       0x33 src\system_stm32f10x.o
 .ARM.attributes
                0x00000236       0x2d c:/program files (x86)/atollic/truestudio for stm32 9.3.0/armtools/bin/../lib/gcc/arm-atollic-eabi/6.3.1/../../../../arm-atollic-eabi/lib/armv7-m\libc.a(lib_a-init.o)
 .ARM.attributes
                0x00000263       0x2d c:/program files (x86)/atollic/truestudio for stm32 9.3.0/armtools/bin/../lib/gcc/arm-atollic-eabi/6.3.1/../../../../arm-atollic-eabi/lib/armv7-m\libc.a(lib_a-sprintf.o)
 .ARM.attributes
                0x00000290       0x2d c:/program files (x86)/atollic/truestudio for stm32 9.3.0/armtools/bin/../lib/gcc/arm-atollic-eabi/6.3.1/../../../../arm-atollic-eabi/lib/armv7-m\libc.a(lib_a-svfprintf.o)
 .ARM.attributes
                0x000002bd       0x2d c:/program files (x86)/atollic/truestudio for stm32 9.3.0/armtools/bin/../lib/gcc/arm-atollic-eabi/6.3.1/../../../../arm-atollic-eabi/lib/armv7-m\libc.a(lib_a-dtoa.o)
 .ARM.attributes
                0x000002ea       0x2d c:/program files (x86)/atollic/truestudio for stm32 9.3.0/armtools/bin/../lib/gcc/arm-atollic-eabi/6.3.1/../../../../arm-atollic-eabi/lib/armv7-m\libc.a(lib_a-impure.o)
 .ARM.attributes
                0x00000317       0x2d c:/program files (x86)/atollic/truestudio for stm32 9.3.0/armtools/bin/../lib/gcc/arm-atollic-eabi/6.3.1/../../../../arm-atollic-eabi/lib/armv7-m\libc.a(lib_a-localeconv.o)
 .ARM.attributes
                0x00000344       0x2d c:/program files (x86)/atollic/truestudio for stm32 9.3.0/armtools/bin/../lib/gcc/arm-atollic-eabi/6.3.1/../../../../arm-atollic-eabi/lib/armv7-m\libc.a(lib_a-malloc.o)
 .ARM.attributes
                0x00000371       0x2d c:/program files (x86)/atollic/truestudio for stm32 9.3.0/armtools/bin/../lib/gcc/arm-atollic-eabi/6.3.1/../../../../arm-atollic-eabi/lib/armv7-m\libc.a(lib_a-mallocr.o)
 .ARM.attributes
                0x0000039e       0x2d c:/program files (x86)/atollic/truestudio for stm32 9.3.0/armtools/bin/../lib/gcc/arm-atollic-eabi/6.3.1/../../../../arm-atollic-eabi/lib/armv7-m\libc.a(lib_a-memchr-stub.o)
 .ARM.attributes
                0x000003cb       0x2d c:/program files (x86)/atollic/truestudio for stm32 9.3.0/armtools/bin/../lib/gcc/arm-atollic-eabi/6.3.1/../../../../arm-atollic-eabi/lib/armv7-m\libc.a(lib_a-memcpy-stub.o)
 .ARM.attributes
                0x000003f8       0x2d c:/program files (x86)/atollic/truestudio for stm32 9.3.0/armtools/bin/../lib/gcc/arm-atollic-eabi/6.3.1/../../../../arm-atollic-eabi/lib/armv7-m\libc.a(lib_a-mlock.o)
 .ARM.attributes
                0x00000425       0x2d c:/program files (x86)/atollic/truestudio for stm32 9.3.0/armtools/bin/../lib/gcc/arm-atollic-eabi/6.3.1/../../../../arm-atollic-eabi/lib/armv7-m\libc.a(lib_a-mprec.o)
 .ARM.attributes
                0x00000452       0x2d c:/program files (x86)/atollic/truestudio for stm32 9.3.0/armtools/bin/../lib/gcc/arm-atollic-eabi/6.3.1/../../../../arm-atollic-eabi/lib/armv7-m\libc.a(lib_a-sbrkr.o)
 .ARM.attributes
                0x0000047f       0x17 c:/program files (x86)/atollic/truestudio for stm32 9.3.0/armtools/bin/../lib/gcc/arm-atollic-eabi/6.3.1/../../../../arm-atollic-eabi/lib/armv7-m\libc.a(lib_a-strlen.o)
 .ARM.attributes
                0x00000496       0x2d c:/program files (x86)/atollic/truestudio for stm32 9.3.0/armtools/bin/../lib/gcc/arm-atollic-eabi/6.3.1/../../../../arm-atollic-eabi/lib/armv7-m\libc.a(lib_a-svfiprintf.o)
 .ARM.attributes
                0x000004c3       0x2d c:/program files (x86)/atollic/truestudio for stm32 9.3.0/armtools/bin/../lib/gcc/arm-atollic-eabi/6.3.1/../../../../arm-atollic-eabi/lib/armv7-m\libc.a(lib_a-callocr.o)
 .ARM.attributes
                0x000004f0       0x2d c:/program files (x86)/atollic/truestudio for stm32 9.3.0/armtools/bin/../lib/gcc/arm-atollic-eabi/6.3.1/../../../../arm-atollic-eabi/lib/armv7-m\libc.a(lib_a-freer.o)
 .ARM.attributes
                0x0000051d       0x2d c:/program files (x86)/atollic/truestudio for stm32 9.3.0/armtools/bin/../lib/gcc/arm-atollic-eabi/6.3.1/../../../../arm-atollic-eabi/lib/armv7-m\libc.a(lib_a-locale.o)
 .ARM.attributes
                0x0000054a       0x2d c:/program files (x86)/atollic/truestudio for stm32 9.3.0/armtools/bin/../lib/gcc/arm-atollic-eabi/6.3.1/../../../../arm-atollic-eabi/lib/armv7-m\libc.a(lib_a-lock.o)
 .ARM.attributes
                0x00000577       0x2d c:/program files (x86)/atollic/truestudio for stm32 9.3.0/armtools/bin/../lib/gcc/arm-atollic-eabi/6.3.1/../../../../arm-atollic-eabi/lib/armv7-m\libc.a(lib_a-mbtowc_r.o)
 .ARM.attributes
                0x000005a4       0x2d c:/program files (x86)/atollic/truestudio for stm32 9.3.0/armtools/bin/../lib/gcc/arm-atollic-eabi/6.3.1/../../../../arm-atollic-eabi/lib/armv7-m\libc.a(lib_a-memmove.o)
 .ARM.attributes
                0x000005d1       0x2d c:/program files (x86)/atollic/truestudio for stm32 9.3.0/armtools/bin/../lib/gcc/arm-atollic-eabi/6.3.1/../../../../arm-atollic-eabi/lib/armv7-m\libc.a(lib_a-memset.o)
 .ARM.attributes
                0x000005fe       0x2d c:/program files (x86)/atollic/truestudio for stm32 9.3.0/armtools/bin/../lib/gcc/arm-atollic-eabi/6.3.1/../../../../arm-atollic-eabi/lib/armv7-m\libc.a(lib_a-reallocr.o)
 .ARM.attributes
                0x0000062b       0x2d c:/program files (x86)/atollic/truestudio for stm32 9.3.0/armtools/bin/../lib/gcc/arm-atollic-eabi/6.3.1/../../../../arm-atollic-eabi/lib/armv7-m\libc.a(lib_a-reent.o)
 .ARM.attributes
                0x00000658       0x2d c:/program files (x86)/atollic/truestudio for stm32 9.3.0/armtools/bin/../lib/gcc/arm-atollic-eabi/6.3.1/../../../../arm-atollic-eabi/lib/armv7-m\libc.a(lib_a-wctomb_r.o)
 .ARM.attributes
                0x00000685       0x2d c:/program files (x86)/atollic/truestudio for stm32 9.3.0/armtools/bin/../lib/gcc/arm-atollic-eabi/6.3.1/../../../../arm-atollic-eabi/lib/armv7-m\libc.a(lib_a-ctype_.o)
 .ARM.attributes
                0x000006b2       0x1d c:/program files (x86)/atollic/truestudio for stm32 9.3.0/armtools/bin/../lib/gcc/arm-atollic-eabi/6.3.1/armv7-m\libgcc.a(_arm_addsubdf3.o)
 .ARM.attributes
                0x000006cf       0x1d c:/program files (x86)/atollic/truestudio for stm32 9.3.0/armtools/bin/../lib/gcc/arm-atollic-eabi/6.3.1/armv7-m\libgcc.a(_arm_muldivdf3.o)
 .ARM.attributes
                0x000006ec       0x1d c:/program files (x86)/atollic/truestudio for stm32 9.3.0/armtools/bin/../lib/gcc/arm-atollic-eabi/6.3.1/armv7-m\libgcc.a(_arm_cmpdf2.o)
 .ARM.attributes
                0x00000709       0x1d c:/program files (x86)/atollic/truestudio for stm32 9.3.0/armtools/bin/../lib/gcc/arm-atollic-eabi/6.3.1/armv7-m\libgcc.a(_arm_unorddf2.o)
 .ARM.attributes
                0x00000726       0x1d c:/program files (x86)/atollic/truestudio for stm32 9.3.0/armtools/bin/../lib/gcc/arm-atollic-eabi/6.3.1/armv7-m\libgcc.a(_arm_fixdfsi.o)
 .ARM.attributes
                0x00000743       0x1d c:/program files (x86)/atollic/truestudio for stm32 9.3.0/armtools/bin/../lib/gcc/arm-atollic-eabi/6.3.1/armv7-m\libgcc.a(_arm_truncdfsf2.o)
 .ARM.attributes
                0x00000760       0x1d c:/program files (x86)/atollic/truestudio for stm32 9.3.0/armtools/bin/../lib/gcc/arm-atollic-eabi/6.3.1/armv7-m\libgcc.a(_aeabi_uldivmod.o)
 .ARM.attributes
                0x0000077d       0x2d c:/program files (x86)/atollic/truestudio for stm32 9.3.0/armtools/bin/../lib/gcc/arm-atollic-eabi/6.3.1/armv7-m\libgcc.a(_udivmoddi4.o)
 .ARM.attributes
                0x000007aa       0x1d c:/program files (x86)/atollic/truestudio for stm32 9.3.0/armtools/bin/../lib/gcc/arm-atollic-eabi/6.3.1/armv7-m\libgcc.a(_dvmd_tls.o)
 .ARM.attributes
                0x000007c7       0x2d c:/program files (x86)/atollic/truestudio for stm32 9.3.0/armtools/bin/../lib/gcc/arm-atollic-eabi/6.3.1/../../../../arm-atollic-eabi/lib/armv7-m\libnosys.a(sbrk.o)
 .ARM.attributes
                0x000007f4       0x1d c:/program files (x86)/atollic/truestudio for stm32 9.3.0/armtools/bin/../lib/gcc/arm-atollic-eabi/6.3.1/armv7-m/crtn.o
OUTPUT(lab6exc1.elf elf32-littlearm)

.debug_info     0x00000000     0x6252
 .debug_info    0x00000000      0x54d Libraries\STM32F10x_StdPeriph_Driver\src\misc.o
 .debug_info    0x0000054d      0xb87 Libraries\STM32F10x_StdPeriph_Driver\src\stm32f10x_adc.o
 .debug_info    0x000010d4      0x701 Libraries\STM32F10x_StdPeriph_Driver\src\stm32f10x_gpio.o
 .debug_info    0x000017d5      0x8b2 Libraries\STM32F10x_StdPeriph_Driver\src\stm32f10x_rcc.o
 .debug_info    0x00002087     0x1c6b Libraries\STM32F10x_StdPeriph_Driver\src\stm32f10x_tim.o
 .debug_info    0x00003cf2      0x22b src\conf_gpio.o
 .debug_info    0x00003f1d     0x117f src\main.o
 .debug_info    0x0000509c       0x86 src\startup_stm32f10x_md.o
 .debug_info    0x00005122      0xc89 src\stm32f1xx_it.o
 .debug_info    0x00005dab      0x4a7 src\system_stm32f10x.o

.debug_abbrev   0x00000000      0xed4
 .debug_abbrev  0x00000000      0x172 Libraries\STM32F10x_StdPeriph_Driver\src\misc.o
 .debug_abbrev  0x00000172      0x1ab Libraries\STM32F10x_StdPeriph_Driver\src\stm32f10x_adc.o
 .debug_abbrev  0x0000031d      0x1dd Libraries\STM32F10x_StdPeriph_Driver\src\stm32f10x_gpio.o
 .debug_abbrev  0x000004fa      0x1cf Libraries\STM32F10x_StdPeriph_Driver\src\stm32f10x_rcc.o
 .debug_abbrev  0x000006c9      0x1c3 Libraries\STM32F10x_StdPeriph_Driver\src\stm32f10x_tim.o
 .debug_abbrev  0x0000088c      0x102 src\conf_gpio.o
 .debug_abbrev  0x0000098e      0x229 src\main.o
 .debug_abbrev  0x00000bb7       0x12 src\startup_stm32f10x_md.o
 .debug_abbrev  0x00000bc9      0x19d src\stm32f1xx_it.o
 .debug_abbrev  0x00000d66      0x16e src\system_stm32f10x.o

.debug_aranges  0x00000000      0x728
 .debug_aranges
                0x00000000       0x40 Libraries\STM32F10x_StdPeriph_Driver\src\misc.o
 .debug_aranges
                0x00000040      0x138 Libraries\STM32F10x_StdPeriph_Driver\src\stm32f10x_adc.o
 .debug_aranges
                0x00000178       0xa8 Libraries\STM32F10x_StdPeriph_Driver\src\stm32f10x_gpio.o
 .debug_aranges
                0x00000220      0x118 Libraries\STM32F10x_StdPeriph_Driver\src\stm32f10x_rcc.o
 .debug_aranges
                0x00000338      0x2f0 Libraries\STM32F10x_StdPeriph_Driver\src\stm32f10x_tim.o
 .debug_aranges
                0x00000628       0x20 src\conf_gpio.o
 .debug_aranges
                0x00000648       0x58 src\main.o
 .debug_aranges
                0x000006a0       0x28 src\startup_stm32f10x_md.o
 .debug_aranges
                0x000006c8       0x28 src\stm32f1xx_it.o
 .debug_aranges
                0x000006f0       0x38 src\system_stm32f10x.o

.debug_ranges   0x00000000      0x690
 .debug_ranges  0x00000000       0x30 Libraries\STM32F10x_StdPeriph_Driver\src\misc.o
 .debug_ranges  0x00000030      0x128 Libraries\STM32F10x_StdPeriph_Driver\src\stm32f10x_adc.o
 .debug_ranges  0x00000158       0x98 Libraries\STM32F10x_StdPeriph_Driver\src\stm32f10x_gpio.o
 .debug_ranges  0x000001f0      0x108 Libraries\STM32F10x_StdPeriph_Driver\src\stm32f10x_rcc.o
 .debug_ranges  0x000002f8      0x2e0 Libraries\STM32F10x_StdPeriph_Driver\src\stm32f10x_tim.o
 .debug_ranges  0x000005d8       0x10 src\conf_gpio.o
 .debug_ranges  0x000005e8       0x48 src\main.o
 .debug_ranges  0x00000630       0x20 src\startup_stm32f10x_md.o
 .debug_ranges  0x00000650       0x18 src\stm32f1xx_it.o
 .debug_ranges  0x00000668       0x28 src\system_stm32f10x.o

.debug_line     0x00000000     0x2676
 .debug_line    0x00000000      0x25c Libraries\STM32F10x_StdPeriph_Driver\src\misc.o
 .debug_line    0x0000025c      0x553 Libraries\STM32F10x_StdPeriph_Driver\src\stm32f10x_adc.o
 .debug_line    0x000007af      0x3e9 Libraries\STM32F10x_StdPeriph_Driver\src\stm32f10x_gpio.o
 .debug_line    0x00000b98      0x4e4 Libraries\STM32F10x_StdPeriph_Driver\src\stm32f10x_rcc.o
 .debug_line    0x0000107c      0xb69 Libraries\STM32F10x_StdPeriph_Driver\src\stm32f10x_tim.o
 .debug_line    0x00001be5      0x1e8 src\conf_gpio.o
 .debug_line    0x00001dcd      0x392 src\main.o
 .debug_line    0x0000215f       0x7c src\startup_stm32f10x_md.o
 .debug_line    0x000021db      0x251 src\stm32f1xx_it.o
 .debug_line    0x0000242c      0x24a src\system_stm32f10x.o

.debug_str      0x00000000     0x25b1
 .debug_str     0x00000000      0x3e9 Libraries\STM32F10x_StdPeriph_Driver\src\misc.o
                                0x43d (size before relaxing)
 .debug_str     0x000003e9      0x557 Libraries\STM32F10x_StdPeriph_Driver\src\stm32f10x_adc.o
                                0x77a (size before relaxing)
 .debug_str     0x00000940      0x377 Libraries\STM32F10x_StdPeriph_Driver\src\stm32f10x_gpio.o
                                0x598 (size before relaxing)
 .debug_str     0x00000cb7      0x44d Libraries\STM32F10x_StdPeriph_Driver\src\stm32f10x_rcc.o
                                0x699 (size before relaxing)
 .debug_str     0x00001104      0xba8 Libraries\STM32F10x_StdPeriph_Driver\src\stm32f10x_tim.o
                                0xe5c (size before relaxing)
 .debug_str     0x00001cac       0x2a src\conf_gpio.o
                                0x322 (size before relaxing)
 .debug_str     0x00001cd6      0x82a src\main.o
                                0xd25 (size before relaxing)
 .debug_str     0x00002500       0x36 src\stm32f1xx_it.o
                                0x7b0 (size before relaxing)
 .debug_str     0x00002536       0x7b src\system_stm32f10x.o
                                0x33a (size before relaxing)

.comment        0x00000000       0x7c
 .comment       0x00000000       0x7c Libraries\STM32F10x_StdPeriph_Driver\src\misc.o
                                 0x7d (size before relaxing)
 .comment       0x0000007c       0x7d Libraries\STM32F10x_StdPeriph_Driver\src\stm32f10x_adc.o
 .comment       0x0000007c       0x7d Libraries\STM32F10x_StdPeriph_Driver\src\stm32f10x_gpio.o
 .comment       0x0000007c       0x7d Libraries\STM32F10x_StdPeriph_Driver\src\stm32f10x_rcc.o
 .comment       0x0000007c       0x7d Libraries\STM32F10x_StdPeriph_Driver\src\stm32f10x_tim.o
 .comment       0x0000007c       0x7d src\conf_gpio.o
 .comment       0x0000007c       0x7d src\main.o
 .comment       0x0000007c       0x7d src\stm32f1xx_it.o
 .comment       0x0000007c       0x7d src\system_stm32f10x.o

.debug_frame    0x00000000     0x29c0
 .debug_frame   0x00000000       0xd8 Libraries\STM32F10x_StdPeriph_Driver\src\misc.o
 .debug_frame   0x000000d8      0x5a4 Libraries\STM32F10x_StdPeriph_Driver\src\stm32f10x_adc.o
 .debug_frame   0x0000067c      0x2d0 Libraries\STM32F10x_StdPeriph_Driver\src\stm32f10x_gpio.o
 .debug_frame   0x0000094c      0x4f4 Libraries\STM32F10x_StdPeriph_Driver\src\stm32f10x_rcc.o
 .debug_frame   0x00000e40      0xe2c Libraries\STM32F10x_StdPeriph_Driver\src\stm32f10x_tim.o
 .debug_frame   0x00001c6c       0x34 src\conf_gpio.o
 .debug_frame   0x00001ca0      0x12c src\main.o
 .debug_frame   0x00001dcc       0x48 src\stm32f1xx_it.o
 .debug_frame   0x00001e14       0x98 src\system_stm32f10x.o
 .debug_frame   0x00001eac       0x2c c:/program files (x86)/atollic/truestudio for stm32 9.3.0/armtools/bin/../lib/gcc/arm-atollic-eabi/6.3.1/../../../../arm-atollic-eabi/lib/armv7-m\libc.a(lib_a-init.o)
 .debug_frame   0x00001ed8       0x70 c:/program files (x86)/atollic/truestudio for stm32 9.3.0/armtools/bin/../lib/gcc/arm-atollic-eabi/6.3.1/../../../../arm-atollic-eabi/lib/armv7-m\libc.a(lib_a-sprintf.o)
 .debug_frame   0x00001f48       0x40 c:/program files (x86)/atollic/truestudio for stm32 9.3.0/armtools/bin/../lib/gcc/arm-atollic-eabi/6.3.1/../../../../arm-atollic-eabi/lib/armv7-m\libc.a(lib_a-svfprintf.o)
 .debug_frame   0x00001f88       0x6c c:/program files (x86)/atollic/truestudio for stm32 9.3.0/armtools/bin/../lib/gcc/arm-atollic-eabi/6.3.1/../../../../arm-atollic-eabi/lib/armv7-m\libc.a(lib_a-dtoa.o)
 .debug_frame   0x00001ff4       0x40 c:/program files (x86)/atollic/truestudio for stm32 9.3.0/armtools/bin/../lib/gcc/arm-atollic-eabi/6.3.1/../../../../arm-atollic-eabi/lib/armv7-m\libc.a(lib_a-localeconv.o)
 .debug_frame   0x00002034       0x30 c:/program files (x86)/atollic/truestudio for stm32 9.3.0/armtools/bin/../lib/gcc/arm-atollic-eabi/6.3.1/../../../../arm-atollic-eabi/lib/armv7-m\libc.a(lib_a-malloc.o)
 .debug_frame   0x00002064       0x40 c:/program files (x86)/atollic/truestudio for stm32 9.3.0/armtools/bin/../lib/gcc/arm-atollic-eabi/6.3.1/../../../../arm-atollic-eabi/lib/armv7-m\libc.a(lib_a-mallocr.o)
 .debug_frame   0x000020a4       0x28 c:/program files (x86)/atollic/truestudio for stm32 9.3.0/armtools/bin/../lib/gcc/arm-atollic-eabi/6.3.1/../../../../arm-atollic-eabi/lib/armv7-m\libc.a(lib_a-memchr-stub.o)
 .debug_frame   0x000020cc       0x28 c:/program files (x86)/atollic/truestudio for stm32 9.3.0/armtools/bin/../lib/gcc/arm-atollic-eabi/6.3.1/../../../../arm-atollic-eabi/lib/armv7-m\libc.a(lib_a-memcpy-stub.o)
 .debug_frame   0x000020f4       0x30 c:/program files (x86)/atollic/truestudio for stm32 9.3.0/armtools/bin/../lib/gcc/arm-atollic-eabi/6.3.1/../../../../arm-atollic-eabi/lib/armv7-m\libc.a(lib_a-mlock.o)
 .debug_frame   0x00002124      0x244 c:/program files (x86)/atollic/truestudio for stm32 9.3.0/armtools/bin/../lib/gcc/arm-atollic-eabi/6.3.1/../../../../arm-atollic-eabi/lib/armv7-m\libc.a(lib_a-mprec.o)
 .debug_frame   0x00002368       0x2c c:/program files (x86)/atollic/truestudio for stm32 9.3.0/armtools/bin/../lib/gcc/arm-atollic-eabi/6.3.1/../../../../arm-atollic-eabi/lib/armv7-m\libc.a(lib_a-sbrkr.o)
 .debug_frame   0x00002394       0x6c c:/program files (x86)/atollic/truestudio for stm32 9.3.0/armtools/bin/../lib/gcc/arm-atollic-eabi/6.3.1/../../../../arm-atollic-eabi/lib/armv7-m\libc.a(lib_a-svfiprintf.o)
 .debug_frame   0x00002400       0x28 c:/program files (x86)/atollic/truestudio for stm32 9.3.0/armtools/bin/../lib/gcc/arm-atollic-eabi/6.3.1/../../../../arm-atollic-eabi/lib/armv7-m\libc.a(lib_a-callocr.o)
 .debug_frame   0x00002428       0x60 c:/program files (x86)/atollic/truestudio for stm32 9.3.0/armtools/bin/../lib/gcc/arm-atollic-eabi/6.3.1/../../../../arm-atollic-eabi/lib/armv7-m\libc.a(lib_a-freer.o)
 .debug_frame   0x00002488       0x68 c:/program files (x86)/atollic/truestudio for stm32 9.3.0/armtools/bin/../lib/gcc/arm-atollic-eabi/6.3.1/../../../../arm-atollic-eabi/lib/armv7-m\libc.a(lib_a-locale.o)
 .debug_frame   0x000024f0       0xb0 c:/program files (x86)/atollic/truestudio for stm32 9.3.0/armtools/bin/../lib/gcc/arm-atollic-eabi/6.3.1/../../../../arm-atollic-eabi/lib/armv7-m\libc.a(lib_a-lock.o)
 .debug_frame   0x000025a0       0x48 c:/program files (x86)/atollic/truestudio for stm32 9.3.0/armtools/bin/../lib/gcc/arm-atollic-eabi/6.3.1/../../../../arm-atollic-eabi/lib/armv7-m\libc.a(lib_a-mbtowc_r.o)
 .debug_frame   0x000025e8       0x28 c:/program files (x86)/atollic/truestudio for stm32 9.3.0/armtools/bin/../lib/gcc/arm-atollic-eabi/6.3.1/../../../../arm-atollic-eabi/lib/armv7-m\libc.a(lib_a-memmove.o)
 .debug_frame   0x00002610       0x20 c:/program files (x86)/atollic/truestudio for stm32 9.3.0/armtools/bin/../lib/gcc/arm-atollic-eabi/6.3.1/../../../../arm-atollic-eabi/lib/armv7-m\libc.a(lib_a-memset.o)
 .debug_frame   0x00002630       0x50 c:/program files (x86)/atollic/truestudio for stm32 9.3.0/armtools/bin/../lib/gcc/arm-atollic-eabi/6.3.1/../../../../arm-atollic-eabi/lib/armv7-m\libc.a(lib_a-reallocr.o)
 .debug_frame   0x00002680       0x5c c:/program files (x86)/atollic/truestudio for stm32 9.3.0/armtools/bin/../lib/gcc/arm-atollic-eabi/6.3.1/../../../../arm-atollic-eabi/lib/armv7-m\libc.a(lib_a-reent.o)
 .debug_frame   0x000026dc       0x3c c:/program files (x86)/atollic/truestudio for stm32 9.3.0/armtools/bin/../lib/gcc/arm-atollic-eabi/6.3.1/../../../../arm-atollic-eabi/lib/armv7-m\libc.a(lib_a-wctomb_r.o)
 .debug_frame   0x00002718       0xac c:/program files (x86)/atollic/truestudio for stm32 9.3.0/armtools/bin/../lib/gcc/arm-atollic-eabi/6.3.1/armv7-m\libgcc.a(_arm_addsubdf3.o)
 .debug_frame   0x000027c4       0x50 c:/program files (x86)/atollic/truestudio for stm32 9.3.0/armtools/bin/../lib/gcc/arm-atollic-eabi/6.3.1/armv7-m\libgcc.a(_arm_muldivdf3.o)
 .debug_frame   0x00002814       0xc4 c:/program files (x86)/atollic/truestudio for stm32 9.3.0/armtools/bin/../lib/gcc/arm-atollic-eabi/6.3.1/armv7-m\libgcc.a(_arm_cmpdf2.o)
 .debug_frame   0x000028d8       0x20 c:/program files (x86)/atollic/truestudio for stm32 9.3.0/armtools/bin/../lib/gcc/arm-atollic-eabi/6.3.1/armv7-m\libgcc.a(_arm_unorddf2.o)
 .debug_frame   0x000028f8       0x24 c:/program files (x86)/atollic/truestudio for stm32 9.3.0/armtools/bin/../lib/gcc/arm-atollic-eabi/6.3.1/armv7-m\libgcc.a(_arm_fixdfsi.o)
 .debug_frame   0x0000291c       0x24 c:/program files (x86)/atollic/truestudio for stm32 9.3.0/armtools/bin/../lib/gcc/arm-atollic-eabi/6.3.1/armv7-m\libgcc.a(_arm_truncdfsf2.o)
 .debug_frame   0x00002940       0x2c c:/program files (x86)/atollic/truestudio for stm32 9.3.0/armtools/bin/../lib/gcc/arm-atollic-eabi/6.3.1/armv7-m\libgcc.a(_aeabi_uldivmod.o)
 .debug_frame   0x0000296c       0x34 c:/program files (x86)/atollic/truestudio for stm32 9.3.0/armtools/bin/../lib/gcc/arm-atollic-eabi/6.3.1/armv7-m\libgcc.a(_udivmoddi4.o)
 .debug_frame   0x000029a0       0x20 c:/program files (x86)/atollic/truestudio for stm32 9.3.0/armtools/bin/../lib/gcc/arm-atollic-eabi/6.3.1/../../../../arm-atollic-eabi/lib/armv7-m\libnosys.a(sbrk.o)

Cross Reference Table

Symbol                                            File
ADC1_2_IRQHandler                                 src\startup_stm32f10x_md.o
ADC_AnalogWatchdogCmd                             Libraries\STM32F10x_StdPeriph_Driver\src\stm32f10x_adc.o
ADC_AnalogWatchdogSingleChannelConfig             Libraries\STM32F10x_StdPeriph_Driver\src\stm32f10x_adc.o
ADC_AnalogWatchdogThresholdsConfig                Libraries\STM32F10x_StdPeriph_Driver\src\stm32f10x_adc.o
ADC_AutoInjectedConvCmd                           Libraries\STM32F10x_StdPeriph_Driver\src\stm32f10x_adc.o
ADC_ClearFlag                                     Libraries\STM32F10x_StdPeriph_Driver\src\stm32f10x_adc.o
ADC_ClearITPendingBit                             Libraries\STM32F10x_StdPeriph_Driver\src\stm32f10x_adc.o
ADC_Cmd                                           Libraries\STM32F10x_StdPeriph_Driver\src\stm32f10x_adc.o
                                                  src\stm32f1xx_it.o
                                                  src\main.o
ADC_DADO                                          src\main.o
ADC_DMACmd                                        Libraries\STM32F10x_StdPeriph_Driver\src\stm32f10x_adc.o
ADC_DeInit                                        Libraries\STM32F10x_StdPeriph_Driver\src\stm32f10x_adc.o
ADC_DiscModeChannelCountConfig                    Libraries\STM32F10x_StdPeriph_Driver\src\stm32f10x_adc.o
ADC_DiscModeCmd                                   Libraries\STM32F10x_StdPeriph_Driver\src\stm32f10x_adc.o
ADC_ExternalTrigConvCmd                           Libraries\STM32F10x_StdPeriph_Driver\src\stm32f10x_adc.o
ADC_ExternalTrigInjectedConvCmd                   Libraries\STM32F10x_StdPeriph_Driver\src\stm32f10x_adc.o
ADC_ExternalTrigInjectedConvConfig                Libraries\STM32F10x_StdPeriph_Driver\src\stm32f10x_adc.o
ADC_GetCalibrationStatus                          Libraries\STM32F10x_StdPeriph_Driver\src\stm32f10x_adc.o
                                                  src\main.o
ADC_GetConversionValue                            Libraries\STM32F10x_StdPeriph_Driver\src\stm32f10x_adc.o
                                                  src\main.o
ADC_GetDualModeConversionValue                    Libraries\STM32F10x_StdPeriph_Driver\src\stm32f10x_adc.o
ADC_GetFlagStatus                                 Libraries\STM32F10x_StdPeriph_Driver\src\stm32f10x_adc.o
                                                  src\main.o
ADC_GetITStatus                                   Libraries\STM32F10x_StdPeriph_Driver\src\stm32f10x_adc.o
ADC_GetInjectedConversionValue                    Libraries\STM32F10x_StdPeriph_Driver\src\stm32f10x_adc.o
ADC_GetResetCalibrationStatus                     Libraries\STM32F10x_StdPeriph_Driver\src\stm32f10x_adc.o
                                                  src\main.o
ADC_GetSoftwareStartConvStatus                    Libraries\STM32F10x_StdPeriph_Driver\src\stm32f10x_adc.o
ADC_GetSoftwareStartInjectedConvCmdStatus         Libraries\STM32F10x_StdPeriph_Driver\src\stm32f10x_adc.o
ADC_ITConfig                                      Libraries\STM32F10x_StdPeriph_Driver\src\stm32f10x_adc.o
ADC_Init                                          Libraries\STM32F10x_StdPeriph_Driver\src\stm32f10x_adc.o
                                                  src\main.o
ADC_InjectedChannelConfig                         Libraries\STM32F10x_StdPeriph_Driver\src\stm32f10x_adc.o
ADC_InjectedDiscModeCmd                           Libraries\STM32F10x_StdPeriph_Driver\src\stm32f10x_adc.o
ADC_InjectedSequencerLengthConfig                 Libraries\STM32F10x_StdPeriph_Driver\src\stm32f10x_adc.o
ADC_RegularChannelConfig                          Libraries\STM32F10x_StdPeriph_Driver\src\stm32f10x_adc.o
                                                  src\main.o
ADC_ResetCalibration                              Libraries\STM32F10x_StdPeriph_Driver\src\stm32f10x_adc.o
                                                  src\main.o
ADC_SetInjectedOffset                             Libraries\STM32F10x_StdPeriph_Driver\src\stm32f10x_adc.o
ADC_SoftwareStartConvCmd                          Libraries\STM32F10x_StdPeriph_Driver\src\stm32f10x_adc.o
ADC_SoftwareStartInjectedConvCmd                  Libraries\STM32F10x_StdPeriph_Driver\src\stm32f10x_adc.o
ADC_StartCalibration                              Libraries\STM32F10x_StdPeriph_Driver\src\stm32f10x_adc.o
                                                  src\main.o
ADC_StructInit                                    Libraries\STM32F10x_StdPeriph_Driver\src\stm32f10x_adc.o
ADC_TempSensorVrefintCmd                          Libraries\STM32F10x_StdPeriph_Driver\src\stm32f10x_adc.o
                                                  src\main.o
AHBPrescTable                                     src\system_stm32f10x.o
BKP_ClearFlag                                     Libraries\STM32F10x_StdPeriph_Driver\src\stm32f10x_bkp.o
BKP_ClearITPendingBit                             Libraries\STM32F10x_StdPeriph_Driver\src\stm32f10x_bkp.o
BKP_DeInit                                        Libraries\STM32F10x_StdPeriph_Driver\src\stm32f10x_bkp.o
BKP_GetFlagStatus                                 Libraries\STM32F10x_StdPeriph_Driver\src\stm32f10x_bkp.o
BKP_GetITStatus                                   Libraries\STM32F10x_StdPeriph_Driver\src\stm32f10x_bkp.o
BKP_ITConfig                                      Libraries\STM32F10x_StdPeriph_Driver\src\stm32f10x_bkp.o
BKP_RTCOutputConfig                               Libraries\STM32F10x_StdPeriph_Driver\src\stm32f10x_bkp.o
BKP_ReadBackupRegister                            Libraries\STM32F10x_StdPeriph_Driver\src\stm32f10x_bkp.o
BKP_SetRTCCalibrationValue                        Libraries\STM32F10x_StdPeriph_Driver\src\stm32f10x_bkp.o
BKP_TamperPinCmd                                  Libraries\STM32F10x_StdPeriph_Driver\src\stm32f10x_bkp.o
BKP_TamperPinLevelConfig                          Libraries\STM32F10x_StdPeriph_Driver\src\stm32f10x_bkp.o
BKP_WriteBackupRegister                           Libraries\STM32F10x_StdPeriph_Driver\src\stm32f10x_bkp.o
BusFault_Handler                                  src\startup_stm32f10x_md.o
CAN1_RX1_IRQHandler                               src\startup_stm32f10x_md.o
CAN1_SCE_IRQHandler                               src\startup_stm32f10x_md.o
CAN_CancelTransmit                                Libraries\STM32F10x_StdPeriph_Driver\src\stm32f10x_can.o
CAN_ClearFlag                                     Libraries\STM32F10x_StdPeriph_Driver\src\stm32f10x_can.o
CAN_ClearITPendingBit                             Libraries\STM32F10x_StdPeriph_Driver\src\stm32f10x_can.o
CAN_DBGFreeze                                     Libraries\STM32F10x_StdPeriph_Driver\src\stm32f10x_can.o
CAN_DeInit                                        Libraries\STM32F10x_StdPeriph_Driver\src\stm32f10x_can.o
CAN_FIFORelease                                   Libraries\STM32F10x_StdPeriph_Driver\src\stm32f10x_can.o
CAN_FilterInit                                    Libraries\STM32F10x_StdPeriph_Driver\src\stm32f10x_can.o
CAN_GetFlagStatus                                 Libraries\STM32F10x_StdPeriph_Driver\src\stm32f10x_can.o
CAN_GetITStatus                                   Libraries\STM32F10x_StdPeriph_Driver\src\stm32f10x_can.o
CAN_GetLSBTransmitErrorCounter                    Libraries\STM32F10x_StdPeriph_Driver\src\stm32f10x_can.o
CAN_GetLastErrorCode                              Libraries\STM32F10x_StdPeriph_Driver\src\stm32f10x_can.o
CAN_GetReceiveErrorCounter                        Libraries\STM32F10x_StdPeriph_Driver\src\stm32f10x_can.o
CAN_ITConfig                                      Libraries\STM32F10x_StdPeriph_Driver\src\stm32f10x_can.o
CAN_Init                                          Libraries\STM32F10x_StdPeriph_Driver\src\stm32f10x_can.o
CAN_MessagePending                                Libraries\STM32F10x_StdPeriph_Driver\src\stm32f10x_can.o
CAN_OperatingModeRequest                          Libraries\STM32F10x_StdPeriph_Driver\src\stm32f10x_can.o
CAN_Receive                                       Libraries\STM32F10x_StdPeriph_Driver\src\stm32f10x_can.o
CAN_SlaveStartBank                                Libraries\STM32F10x_StdPeriph_Driver\src\stm32f10x_can.o
CAN_Sleep                                         Libraries\STM32F10x_StdPeriph_Driver\src\stm32f10x_can.o
CAN_StructInit                                    Libraries\STM32F10x_StdPeriph_Driver\src\stm32f10x_can.o
CAN_TTComModeCmd                                  Libraries\STM32F10x_StdPeriph_Driver\src\stm32f10x_can.o
CAN_Transmit                                      Libraries\STM32F10x_StdPeriph_Driver\src\stm32f10x_can.o
CAN_TransmitStatus                                Libraries\STM32F10x_StdPeriph_Driver\src\stm32f10x_can.o
CAN_WakeUp                                        Libraries\STM32F10x_StdPeriph_Driver\src\stm32f10x_can.o
CEC_ClearFlag                                     Libraries\STM32F10x_StdPeriph_Driver\src\stm32f10x_cec.o
CEC_ClearITPendingBit                             Libraries\STM32F10x_StdPeriph_Driver\src\stm32f10x_cec.o
CEC_Cmd                                           Libraries\STM32F10x_StdPeriph_Driver\src\stm32f10x_cec.o
CEC_DeInit                                        Libraries\STM32F10x_StdPeriph_Driver\src\stm32f10x_cec.o
CEC_EndOfMessageCmd                               Libraries\STM32F10x_StdPeriph_Driver\src\stm32f10x_cec.o
CEC_GetFlagStatus                                 Libraries\STM32F10x_StdPeriph_Driver\src\stm32f10x_cec.o
CEC_GetITStatus                                   Libraries\STM32F10x_StdPeriph_Driver\src\stm32f10x_cec.o
CEC_ITConfig                                      Libraries\STM32F10x_StdPeriph_Driver\src\stm32f10x_cec.o
CEC_Init                                          Libraries\STM32F10x_StdPeriph_Driver\src\stm32f10x_cec.o
CEC_OwnAddressConfig                              Libraries\STM32F10x_StdPeriph_Driver\src\stm32f10x_cec.o
CEC_ReceiveDataByte                               Libraries\STM32F10x_StdPeriph_Driver\src\stm32f10x_cec.o
CEC_SendDataByte                                  Libraries\STM32F10x_StdPeriph_Driver\src\stm32f10x_cec.o
CEC_SetPrescaler                                  Libraries\STM32F10x_StdPeriph_Driver\src\stm32f10x_cec.o
CEC_StartOfMessage                                Libraries\STM32F10x_StdPeriph_Driver\src\stm32f10x_cec.o
CRC_CalcBlockCRC                                  Libraries\STM32F10x_StdPeriph_Driver\src\stm32f10x_crc.o
CRC_CalcCRC                                       Libraries\STM32F10x_StdPeriph_Driver\src\stm32f10x_crc.o
CRC_GetCRC                                        Libraries\STM32F10x_StdPeriph_Driver\src\stm32f10x_crc.o
CRC_GetIDRegister                                 Libraries\STM32F10x_StdPeriph_Driver\src\stm32f10x_crc.o
CRC_ResetDR                                       Libraries\STM32F10x_StdPeriph_Driver\src\stm32f10x_crc.o
CRC_SetIDRegister                                 Libraries\STM32F10x_StdPeriph_Driver\src\stm32f10x_crc.o
Conf_ADC                                          src\main.o
Conf_GPIO                                         src\conf_gpio.o
                                                  src\main.o
Conf_NVIC                                         src\main.o
Conf_TIM2                                         src\main.o
Conf_TIM3                                         src\main.o
Conf_USART3                                       src\main.o
DAC_Cmd                                           Libraries\STM32F10x_StdPeriph_Driver\src\stm32f10x_dac.o
DAC_DMACmd                                        Libraries\STM32F10x_StdPeriph_Driver\src\stm32f10x_dac.o
DAC_DeInit                                        Libraries\STM32F10x_StdPeriph_Driver\src\stm32f10x_dac.o
DAC_DualSoftwareTriggerCmd                        Libraries\STM32F10x_StdPeriph_Driver\src\stm32f10x_dac.o
DAC_GetDataOutputValue                            Libraries\STM32F10x_StdPeriph_Driver\src\stm32f10x_dac.o
DAC_Init                                          Libraries\STM32F10x_StdPeriph_Driver\src\stm32f10x_dac.o
DAC_SetChannel1Data                               Libraries\STM32F10x_StdPeriph_Driver\src\stm32f10x_dac.o
DAC_SetChannel2Data                               Libraries\STM32F10x_StdPeriph_Driver\src\stm32f10x_dac.o
DAC_SetDualChannelData                            Libraries\STM32F10x_StdPeriph_Driver\src\stm32f10x_dac.o
DAC_SoftwareTriggerCmd                            Libraries\STM32F10x_StdPeriph_Driver\src\stm32f10x_dac.o
DAC_StructInit                                    Libraries\STM32F10x_StdPeriph_Driver\src\stm32f10x_dac.o
DAC_WaveGenerationCmd                             Libraries\STM32F10x_StdPeriph_Driver\src\stm32f10x_dac.o
DBGMCU_Config                                     Libraries\STM32F10x_StdPeriph_Driver\src\stm32f10x_dbgmcu.o
DBGMCU_GetDEVID                                   Libraries\STM32F10x_StdPeriph_Driver\src\stm32f10x_dbgmcu.o
DBGMCU_GetREVID                                   Libraries\STM32F10x_StdPeriph_Driver\src\stm32f10x_dbgmcu.o
DMA1_Channel1_IRQHandler                          src\startup_stm32f10x_md.o
DMA1_Channel2_IRQHandler                          src\startup_stm32f10x_md.o
DMA1_Channel3_IRQHandler                          src\startup_stm32f10x_md.o
DMA1_Channel4_IRQHandler                          src\startup_stm32f10x_md.o
DMA1_Channel5_IRQHandler                          src\startup_stm32f10x_md.o
DMA1_Channel6_IRQHandler                          src\startup_stm32f10x_md.o
DMA1_Channel7_IRQHandler                          src\startup_stm32f10x_md.o
DMA_ClearFlag                                     Libraries\STM32F10x_StdPeriph_Driver\src\stm32f10x_dma.o
DMA_ClearITPendingBit                             Libraries\STM32F10x_StdPeriph_Driver\src\stm32f10x_dma.o
DMA_Cmd                                           Libraries\STM32F10x_StdPeriph_Driver\src\stm32f10x_dma.o
DMA_DeInit                                        Libraries\STM32F10x_StdPeriph_Driver\src\stm32f10x_dma.o
DMA_GetCurrDataCounter                            Libraries\STM32F10x_StdPeriph_Driver\src\stm32f10x_dma.o
DMA_GetFlagStatus                                 Libraries\STM32F10x_StdPeriph_Driver\src\stm32f10x_dma.o
DMA_GetITStatus                                   Libraries\STM32F10x_StdPeriph_Driver\src\stm32f10x_dma.o
DMA_ITConfig                                      Libraries\STM32F10x_StdPeriph_Driver\src\stm32f10x_dma.o
DMA_Init                                          Libraries\STM32F10x_StdPeriph_Driver\src\stm32f10x_dma.o
DMA_SetCurrDataCounter                            Libraries\STM32F10x_StdPeriph_Driver\src\stm32f10x_dma.o
DMA_StructInit                                    Libraries\STM32F10x_StdPeriph_Driver\src\stm32f10x_dma.o
DebugMon_Handler                                  src\startup_stm32f10x_md.o
Default_Handler                                   src\startup_stm32f10x_md.o
EXTI0_IRQHandler                                  src\startup_stm32f10x_md.o
EXTI15_10_IRQHandler                              src\startup_stm32f10x_md.o
EXTI1_IRQHandler                                  src\startup_stm32f10x_md.o
EXTI2_IRQHandler                                  src\startup_stm32f10x_md.o
EXTI3_IRQHandler                                  src\startup_stm32f10x_md.o
EXTI4_IRQHandler                                  src\startup_stm32f10x_md.o
EXTI9_5_IRQHandler                                src\startup_stm32f10x_md.o
EXTI_ClearFlag                                    Libraries\STM32F10x_StdPeriph_Driver\src\stm32f10x_exti.o
EXTI_ClearITPendingBit                            Libraries\STM32F10x_StdPeriph_Driver\src\stm32f10x_exti.o
EXTI_DeInit                                       Libraries\STM32F10x_StdPeriph_Driver\src\stm32f10x_exti.o
EXTI_GenerateSWInterrupt                          Libraries\STM32F10x_StdPeriph_Driver\src\stm32f10x_exti.o
EXTI_GetFlagStatus                                Libraries\STM32F10x_StdPeriph_Driver\src\stm32f10x_exti.o
EXTI_GetITStatus                                  Libraries\STM32F10x_StdPeriph_Driver\src\stm32f10x_exti.o
EXTI_Init                                         Libraries\STM32F10x_StdPeriph_Driver\src\stm32f10x_exti.o
EXTI_StructInit                                   Libraries\STM32F10x_StdPeriph_Driver\src\stm32f10x_exti.o
FLASH_ClearFlag                                   Libraries\STM32F10x_StdPeriph_Driver\src\stm32f10x_flash.o
FLASH_EnableWriteProtection                       Libraries\STM32F10x_StdPeriph_Driver\src\stm32f10x_flash.o
FLASH_EraseAllBank1Pages                          Libraries\STM32F10x_StdPeriph_Driver\src\stm32f10x_flash.o
FLASH_EraseAllPages                               Libraries\STM32F10x_StdPeriph_Driver\src\stm32f10x_flash.o
FLASH_EraseOptionBytes                            Libraries\STM32F10x_StdPeriph_Driver\src\stm32f10x_flash.o
FLASH_ErasePage                                   Libraries\STM32F10x_StdPeriph_Driver\src\stm32f10x_flash.o
FLASH_GetBank1Status                              Libraries\STM32F10x_StdPeriph_Driver\src\stm32f10x_flash.o
FLASH_GetFlagStatus                               Libraries\STM32F10x_StdPeriph_Driver\src\stm32f10x_flash.o
FLASH_GetPrefetchBufferStatus                     Libraries\STM32F10x_StdPeriph_Driver\src\stm32f10x_flash.o
FLASH_GetReadOutProtectionStatus                  Libraries\STM32F10x_StdPeriph_Driver\src\stm32f10x_flash.o
FLASH_GetStatus                                   Libraries\STM32F10x_StdPeriph_Driver\src\stm32f10x_flash.o
FLASH_GetUserOptionByte                           Libraries\STM32F10x_StdPeriph_Driver\src\stm32f10x_flash.o
FLASH_GetWriteProtectionOptionByte                Libraries\STM32F10x_StdPeriph_Driver\src\stm32f10x_flash.o
FLASH_HalfCycleAccessCmd                          Libraries\STM32F10x_StdPeriph_Driver\src\stm32f10x_flash.o
FLASH_IRQHandler                                  src\startup_stm32f10x_md.o
FLASH_ITConfig                                    Libraries\STM32F10x_StdPeriph_Driver\src\stm32f10x_flash.o
FLASH_Lock                                        Libraries\STM32F10x_StdPeriph_Driver\src\stm32f10x_flash.o
FLASH_LockBank1                                   Libraries\STM32F10x_StdPeriph_Driver\src\stm32f10x_flash.o
FLASH_PrefetchBufferCmd                           Libraries\STM32F10x_StdPeriph_Driver\src\stm32f10x_flash.o
FLASH_ProgramHalfWord                             Libraries\STM32F10x_StdPeriph_Driver\src\stm32f10x_flash.o
FLASH_ProgramOptionByteData                       Libraries\STM32F10x_StdPeriph_Driver\src\stm32f10x_flash.o
FLASH_ProgramWord                                 Libraries\STM32F10x_StdPeriph_Driver\src\stm32f10x_flash.o
FLASH_ReadOutProtection                           Libraries\STM32F10x_StdPeriph_Driver\src\stm32f10x_flash.o
FLASH_SetLatency                                  Libraries\STM32F10x_StdPeriph_Driver\src\stm32f10x_flash.o
FLASH_Unlock                                      Libraries\STM32F10x_StdPeriph_Driver\src\stm32f10x_flash.o
FLASH_UnlockBank1                                 Libraries\STM32F10x_StdPeriph_Driver\src\stm32f10x_flash.o
FLASH_UserOptionByteConfig                        Libraries\STM32F10x_StdPeriph_Driver\src\stm32f10x_flash.o
FLASH_WaitForLastBank1Operation                   Libraries\STM32F10x_StdPeriph_Driver\src\stm32f10x_flash.o
FLASH_WaitForLastOperation                        Libraries\STM32F10x_StdPeriph_Driver\src\stm32f10x_flash.o
FSMC_ClearFlag                                    Libraries\STM32F10x_StdPeriph_Driver\src\stm32f10x_fsmc.o
FSMC_ClearITPendingBit                            Libraries\STM32F10x_StdPeriph_Driver\src\stm32f10x_fsmc.o
FSMC_GetECC                                       Libraries\STM32F10x_StdPeriph_Driver\src\stm32f10x_fsmc.o
FSMC_GetFlagStatus                                Libraries\STM32F10x_StdPeriph_Driver\src\stm32f10x_fsmc.o
FSMC_GetITStatus                                  Libraries\STM32F10x_StdPeriph_Driver\src\stm32f10x_fsmc.o
FSMC_ITConfig                                     Libraries\STM32F10x_StdPeriph_Driver\src\stm32f10x_fsmc.o
FSMC_NANDCmd                                      Libraries\STM32F10x_StdPeriph_Driver\src\stm32f10x_fsmc.o
FSMC_NANDDeInit                                   Libraries\STM32F10x_StdPeriph_Driver\src\stm32f10x_fsmc.o
FSMC_NANDECCCmd                                   Libraries\STM32F10x_StdPeriph_Driver\src\stm32f10x_fsmc.o
FSMC_NANDInit                                     Libraries\STM32F10x_StdPeriph_Driver\src\stm32f10x_fsmc.o
FSMC_NANDStructInit                               Libraries\STM32F10x_StdPeriph_Driver\src\stm32f10x_fsmc.o
FSMC_NORSRAMCmd                                   Libraries\STM32F10x_StdPeriph_Driver\src\stm32f10x_fsmc.o
FSMC_NORSRAMDeInit                                Libraries\STM32F10x_StdPeriph_Driver\src\stm32f10x_fsmc.o
FSMC_NORSRAMInit                                  Libraries\STM32F10x_StdPeriph_Driver\src\stm32f10x_fsmc.o
FSMC_NORSRAMStructInit                            Libraries\STM32F10x_StdPeriph_Driver\src\stm32f10x_fsmc.o
FSMC_PCCARDCmd                                    Libraries\STM32F10x_StdPeriph_Driver\src\stm32f10x_fsmc.o
FSMC_PCCARDDeInit                                 Libraries\STM32F10x_StdPeriph_Driver\src\stm32f10x_fsmc.o
FSMC_PCCARDInit                                   Libraries\STM32F10x_StdPeriph_Driver\src\stm32f10x_fsmc.o
FSMC_PCCARDStructInit                             Libraries\STM32F10x_StdPeriph_Driver\src\stm32f10x_fsmc.o
GPIO_AFIODeInit                                   Libraries\STM32F10x_StdPeriph_Driver\src\stm32f10x_gpio.o
GPIO_DeInit                                       Libraries\STM32F10x_StdPeriph_Driver\src\stm32f10x_gpio.o
GPIO_ETH_MediaInterfaceConfig                     Libraries\STM32F10x_StdPeriph_Driver\src\stm32f10x_gpio.o
GPIO_EXTILineConfig                               Libraries\STM32F10x_StdPeriph_Driver\src\stm32f10x_gpio.o
GPIO_EventOutputCmd                               Libraries\STM32F10x_StdPeriph_Driver\src\stm32f10x_gpio.o
GPIO_EventOutputConfig                            Libraries\STM32F10x_StdPeriph_Driver\src\stm32f10x_gpio.o
GPIO_Init                                         Libraries\STM32F10x_StdPeriph_Driver\src\stm32f10x_gpio.o
                                                  src\conf_gpio.o
GPIO_PinLockConfig                                Libraries\STM32F10x_StdPeriph_Driver\src\stm32f10x_gpio.o
GPIO_PinRemapConfig                               Libraries\STM32F10x_StdPeriph_Driver\src\stm32f10x_gpio.o
GPIO_ReadInputData                                Libraries\STM32F10x_StdPeriph_Driver\src\stm32f10x_gpio.o
GPIO_ReadInputDataBit                             Libraries\STM32F10x_StdPeriph_Driver\src\stm32f10x_gpio.o
GPIO_ReadOutputData                               Libraries\STM32F10x_StdPeriph_Driver\src\stm32f10x_gpio.o
GPIO_ReadOutputDataBit                            Libraries\STM32F10x_StdPeriph_Driver\src\stm32f10x_gpio.o
GPIO_ResetBits                                    Libraries\STM32F10x_StdPeriph_Driver\src\stm32f10x_gpio.o
GPIO_SetBits                                      Libraries\STM32F10x_StdPeriph_Driver\src\stm32f10x_gpio.o
GPIO_StructInit                                   Libraries\STM32F10x_StdPeriph_Driver\src\stm32f10x_gpio.o
GPIO_Write                                        Libraries\STM32F10x_StdPeriph_Driver\src\stm32f10x_gpio.o
GPIO_WriteBit                                     Libraries\STM32F10x_StdPeriph_Driver\src\stm32f10x_gpio.o
HardFault_Handler                                 src\startup_stm32f10x_md.o
I2C1_ER_IRQHandler                                src\startup_stm32f10x_md.o
I2C1_EV_IRQHandler                                src\startup_stm32f10x_md.o
I2C2_ER_IRQHandler                                src\startup_stm32f10x_md.o
I2C2_EV_IRQHandler                                src\startup_stm32f10x_md.o
I2C_ARPCmd                                        Libraries\STM32F10x_StdPeriph_Driver\src\stm32f10x_i2c.o
I2C_AcknowledgeConfig                             Libraries\STM32F10x_StdPeriph_Driver\src\stm32f10x_i2c.o
I2C_CalculatePEC                                  Libraries\STM32F10x_StdPeriph_Driver\src\stm32f10x_i2c.o
I2C_CheckEvent                                    Libraries\STM32F10x_StdPeriph_Driver\src\stm32f10x_i2c.o
I2C_ClearFlag                                     Libraries\STM32F10x_StdPeriph_Driver\src\stm32f10x_i2c.o
I2C_ClearITPendingBit                             Libraries\STM32F10x_StdPeriph_Driver\src\stm32f10x_i2c.o
I2C_Cmd                                           Libraries\STM32F10x_StdPeriph_Driver\src\stm32f10x_i2c.o
I2C_DMACmd                                        Libraries\STM32F10x_StdPeriph_Driver\src\stm32f10x_i2c.o
I2C_DMALastTransferCmd                            Libraries\STM32F10x_StdPeriph_Driver\src\stm32f10x_i2c.o
I2C_DeInit                                        Libraries\STM32F10x_StdPeriph_Driver\src\stm32f10x_i2c.o
I2C_DualAddressCmd                                Libraries\STM32F10x_StdPeriph_Driver\src\stm32f10x_i2c.o
I2C_FastModeDutyCycleConfig                       Libraries\STM32F10x_StdPeriph_Driver\src\stm32f10x_i2c.o
I2C_GeneralCallCmd                                Libraries\STM32F10x_StdPeriph_Driver\src\stm32f10x_i2c.o
I2C_GenerateSTART                                 Libraries\STM32F10x_StdPeriph_Driver\src\stm32f10x_i2c.o
I2C_GenerateSTOP                                  Libraries\STM32F10x_StdPeriph_Driver\src\stm32f10x_i2c.o
I2C_GetFlagStatus                                 Libraries\STM32F10x_StdPeriph_Driver\src\stm32f10x_i2c.o
I2C_GetITStatus                                   Libraries\STM32F10x_StdPeriph_Driver\src\stm32f10x_i2c.o
I2C_GetLastEvent                                  Libraries\STM32F10x_StdPeriph_Driver\src\stm32f10x_i2c.o
I2C_GetPEC                                        Libraries\STM32F10x_StdPeriph_Driver\src\stm32f10x_i2c.o
I2C_ITConfig                                      Libraries\STM32F10x_StdPeriph_Driver\src\stm32f10x_i2c.o
I2C_Init                                          Libraries\STM32F10x_StdPeriph_Driver\src\stm32f10x_i2c.o
I2C_NACKPositionConfig                            Libraries\STM32F10x_StdPeriph_Driver\src\stm32f10x_i2c.o
I2C_OwnAddress2Config                             Libraries\STM32F10x_StdPeriph_Driver\src\stm32f10x_i2c.o
I2C_PECPositionConfig                             Libraries\STM32F10x_StdPeriph_Driver\src\stm32f10x_i2c.o
I2C_ReadRegister                                  Libraries\STM32F10x_StdPeriph_Driver\src\stm32f10x_i2c.o
I2C_ReceiveData                                   Libraries\STM32F10x_StdPeriph_Driver\src\stm32f10x_i2c.o
I2C_SMBusAlertConfig                              Libraries\STM32F10x_StdPeriph_Driver\src\stm32f10x_i2c.o
I2C_Send7bitAddress                               Libraries\STM32F10x_StdPeriph_Driver\src\stm32f10x_i2c.o
I2C_SendData                                      Libraries\STM32F10x_StdPeriph_Driver\src\stm32f10x_i2c.o
I2C_SoftwareResetCmd                              Libraries\STM32F10x_StdPeriph_Driver\src\stm32f10x_i2c.o
I2C_StretchClockCmd                               Libraries\STM32F10x_StdPeriph_Driver\src\stm32f10x_i2c.o
I2C_StructInit                                    Libraries\STM32F10x_StdPeriph_Driver\src\stm32f10x_i2c.o
I2C_TransmitPEC                                   Libraries\STM32F10x_StdPeriph_Driver\src\stm32f10x_i2c.o
I2S_Cmd                                           Libraries\STM32F10x_StdPeriph_Driver\src\stm32f10x_spi.o
I2S_Init                                          Libraries\STM32F10x_StdPeriph_Driver\src\stm32f10x_spi.o
I2S_StructInit                                    Libraries\STM32F10x_StdPeriph_Driver\src\stm32f10x_spi.o
IWDG_Enable                                       Libraries\STM32F10x_StdPeriph_Driver\src\stm32f10x_iwdg.o
IWDG_GetFlagStatus                                Libraries\STM32F10x_StdPeriph_Driver\src\stm32f10x_iwdg.o
IWDG_ReloadCounter                                Libraries\STM32F10x_StdPeriph_Driver\src\stm32f10x_iwdg.o
IWDG_SetPrescaler                                 Libraries\STM32F10x_StdPeriph_Driver\src\stm32f10x_iwdg.o
IWDG_SetReload                                    Libraries\STM32F10x_StdPeriph_Driver\src\stm32f10x_iwdg.o
IWDG_WriteAccessCmd                               Libraries\STM32F10x_StdPeriph_Driver\src\stm32f10x_iwdg.o
MemManage_Handler                                 src\startup_stm32f10x_md.o
NMI_Handler                                       src\startup_stm32f10x_md.o
NVIC_Init                                         Libraries\STM32F10x_StdPeriph_Driver\src\misc.o
                                                  src\main.o
NVIC_PriorityGroupConfig                          Libraries\STM32F10x_StdPeriph_Driver\src\misc.o
NVIC_SetVectorTable                               Libraries\STM32F10x_StdPeriph_Driver\src\misc.o
NVIC_SystemLPConfig                               Libraries\STM32F10x_StdPeriph_Driver\src\misc.o
PVD_IRQHandler                                    src\startup_stm32f10x_md.o
PWR_BackupAccessCmd                               Libraries\STM32F10x_StdPeriph_Driver\src\stm32f10x_pwr.o
PWR_ClearFlag                                     Libraries\STM32F10x_StdPeriph_Driver\src\stm32f10x_pwr.o
PWR_DeInit                                        Libraries\STM32F10x_StdPeriph_Driver\src\stm32f10x_pwr.o
PWR_EnterSTANDBYMode                              Libraries\STM32F10x_StdPeriph_Driver\src\stm32f10x_pwr.o
PWR_EnterSTOPMode                                 Libraries\STM32F10x_StdPeriph_Driver\src\stm32f10x_pwr.o
PWR_GetFlagStatus                                 Libraries\STM32F10x_StdPeriph_Driver\src\stm32f10x_pwr.o
PWR_PVDCmd                                        Libraries\STM32F10x_StdPeriph_Driver\src\stm32f10x_pwr.o
PWR_PVDLevelConfig                                Libraries\STM32F10x_StdPeriph_Driver\src\stm32f10x_pwr.o
PWR_WakeUpPinCmd                                  Libraries\STM32F10x_StdPeriph_Driver\src\stm32f10x_pwr.o
PendSV_Handler                                    src\startup_stm32f10x_md.o
Print_USART3                                      src\main.o
RCC_ADCCLKConfig                                  Libraries\STM32F10x_StdPeriph_Driver\src\stm32f10x_rcc.o
                                                  src\main.o
RCC_AHBPeriphClockCmd                             Libraries\STM32F10x_StdPeriph_Driver\src\stm32f10x_rcc.o
RCC_APB1PeriphClockCmd                            Libraries\STM32F10x_StdPeriph_Driver\src\stm32f10x_rcc.o
                                                  src\main.o
RCC_APB1PeriphResetCmd                            Libraries\STM32F10x_StdPeriph_Driver\src\stm32f10x_rcc.o
                                                  Libraries\STM32F10x_StdPeriph_Driver\src\stm32f10x_wwdg.o
                                                  Libraries\STM32F10x_StdPeriph_Driver\src\stm32f10x_usart.o
                                                  Libraries\STM32F10x_StdPeriph_Driver\src\stm32f10x_tim.o
                                                  Libraries\STM32F10x_StdPeriph_Driver\src\stm32f10x_spi.o
                                                  Libraries\STM32F10x_StdPeriph_Driver\src\stm32f10x_pwr.o
                                                  Libraries\STM32F10x_StdPeriph_Driver\src\stm32f10x_i2c.o
                                                  Libraries\STM32F10x_StdPeriph_Driver\src\stm32f10x_dac.o
                                                  Libraries\STM32F10x_StdPeriph_Driver\src\stm32f10x_cec.o
                                                  Libraries\STM32F10x_StdPeriph_Driver\src\stm32f10x_can.o
RCC_APB2PeriphClockCmd                            Libraries\STM32F10x_StdPeriph_Driver\src\stm32f10x_rcc.o
                                                  src\main.o
                                                  src\conf_gpio.o
RCC_APB2PeriphResetCmd                            Libraries\STM32F10x_StdPeriph_Driver\src\stm32f10x_rcc.o
                                                  Libraries\STM32F10x_StdPeriph_Driver\src\stm32f10x_usart.o
                                                  Libraries\STM32F10x_StdPeriph_Driver\src\stm32f10x_tim.o
                                                  Libraries\STM32F10x_StdPeriph_Driver\src\stm32f10x_spi.o
                                                  Libraries\STM32F10x_StdPeriph_Driver\src\stm32f10x_gpio.o
                                                  Libraries\STM32F10x_StdPeriph_Driver\src\stm32f10x_adc.o
RCC_AdjustHSICalibrationValue                     Libraries\STM32F10x_StdPeriph_Driver\src\stm32f10x_rcc.o
RCC_BackupResetCmd                                Libraries\STM32F10x_StdPeriph_Driver\src\stm32f10x_rcc.o
                                                  Libraries\STM32F10x_StdPeriph_Driver\src\stm32f10x_bkp.o